<html>
<body>
<pre>
<h1>µVision Build Log</h1>
<h2>Tool Versions:</h2>
IDE-Version: ¦ÌVision V5.38.0.0
Copyright (C) 2022 ARM Ltd and ARM Germany GmbH. All rights reserved.
License Information: y hw, beijing, LIC=GMZI6-D9A6D-MMK9I-TGBJZ-6HJED-XD8K5
 
Tool Versions:
Toolchain:       MDK-ARM Plus  Version: 5.38.0.0
Toolchain Path:  C:\Keil_v5\ARM\ARMCLANG\Bin
C Compiler:      ArmClang.exe V6.19
Assembler:       Armasm.exe V6.19
Linker/Locator:  ArmLink.exe V6.19
Library Manager: ArmAr.exe V6.19
Hex Converter:   FromElf.exe V6.19
CPU DLL:         SARMCM3.DLL V5.38.0.0
Dialog DLL:      DCM.DLL V1.17.5.0
Target DLL:      Segger\JL2CM3.dll V2.99.42.0
Dialog DLL:      TCM.DLL V1.56.4.0
 
<h2>Project:</h2>
C:\Users\yaohw\Desktop\about_ag620\AG620_V1\AG620_CODE_V1\AG620_CODE_V1.uvprojx
Project File Date:  07/24/2023

<h2>Output:</h2>
*** Using Compiler 'V6.19', folder: 'C:\Keil_v5\ARM\ARMCLANG\Bin'
Rebuild target 'AG620_Code_V1'
compiling system_at32f425.c...
compiling at32f425_crc.c...
assembling startup_at32f425.s...
compiling at32f425_exint.c...
compiling at32f425_acc.c...
compiling at32f425_adc.c...
compiling at32f425_flash.c...
compiling at32f425_debug.c...
compiling at32f425_gpio.c...
compiling at32f425_dma.c...
compiling at32f425_ertc.c...
compiling at32f425_crm.c...
compiling at32f425_misc.c...
compiling at32f425_can.c...
compiling at32f425_pwc.c...
compiling at32f425_i2c.c...
compiling at32f425_scfg.c...
compiling at32f425_spi.c...
compiling at32f425_usart.c...
compiling at32f425_tmr.c...
compiling at32f425_usb.c...
compiling at32f425_wdt.c...
compiling at32f425_wwdt.c...
compiling custom_hid_desc.c...
compiling usb_core.c...
compiling custom_hid_class.c...
compiling usbd_int.c...
compiling usbd_core.c...
compiling delay.c...
compiling usbd_sdr.c...
compiling spi.c...
compiling tm1668.c...
compiling at32f425_clock.c...
compiling AG620_Show.c...
compiling main.c...
linking...
Program Size: Code=17278 RO-data=334 RW-data=360 ZI-data=2976  
FromELF: creating hex file...
".\Objects\AG620_CODE_V1.axf" - 0 Error(s), 0 Warning(s).

<h2>Software Packages used:</h2>

Package Vendor: ArteryTek
                
                ArteryTek.AT32F425_DFP.2.0.7
                ArteryTek AT32F425 Series Device Support,Drivers

<h2>Collection of Component include folders:</h2>
  C:/KEIL5Install_pack/ArteryTek/AT32F425_DFP/2.0.7/Device/Include

<h2>Collection of Component Files used:</h2>
Build Time Elapsed:  00:00:01
</pre>
</body>
</html>
