Component: Arm Compiler for Embedded 6.19 Tool: armlink [5e73cb00]

==============================================================================

Section Cross References

    startup_at32f425.o(STACK) refers (Special) to heapauxi.o(.text) for __use_two_region_memory
    startup_at32f425.o(HEAP) refers (Special) to heapauxi.o(.text) for __use_two_region_memory
    startup_at32f425.o(RESET) refers (Special) to heapauxi.o(.text) for __use_two_region_memory
    startup_at32f425.o(RESET) refers to startup_at32f425.o(STACK) for __initial_sp
    startup_at32f425.o(RESET) refers to startup_at32f425.o(.text) for Reset_Handler
    startup_at32f425.o(RESET) refers to main.o(.text.OTGFS1_IRQHandler) for OTGFS1_IRQHandler
    startup_at32f425.o(.text) refers (Special) to heapauxi.o(.text) for __use_two_region_memory
    startup_at32f425.o(.text) refers to system_at32f425.o(.text.SystemInit) for SystemInit
    startup_at32f425.o(.text) refers to __main.o(!!!main) for __main
    startup_at32f425.o(.text) refers to startup_at32f425.o(HEAP) for Heap_Mem
    startup_at32f425.o(.text) refers to startup_at32f425.o(STACK) for Stack_Mem
    system_at32f425.o(.ARM.exidx.text.SystemInit) refers to system_at32f425.o(.text.SystemInit) for [Anonymous Symbol]
    system_at32f425.o(.text.system_core_clock_update) refers to at32f425_crm.o(.text.crm_sysclk_switch_status_get) for crm_sysclk_switch_status_get
    system_at32f425.o(.text.system_core_clock_update) refers to system_at32f425.o(.data.system_core_clock) for system_core_clock
    system_at32f425.o(.text.system_core_clock_update) refers to lludivv7m.o(.text) for __aeabi_uldivmod
    system_at32f425.o(.text.system_core_clock_update) refers to system_at32f425.o(.rodata.system_core_clock_update.sys_ahb_div_table) for system_core_clock_update.sys_ahb_div_table
    system_at32f425.o(.ARM.exidx.text.system_core_clock_update) refers to system_at32f425.o(.text.system_core_clock_update) for [Anonymous Symbol]
    at32f425_acc.o(.ARM.exidx.text.acc_calibration_mode_enable) refers to at32f425_acc.o(.text.acc_calibration_mode_enable) for [Anonymous Symbol]
    at32f425_acc.o(.ARM.exidx.text.acc_step_set) refers to at32f425_acc.o(.text.acc_step_set) for [Anonymous Symbol]
    at32f425_acc.o(.ARM.exidx.text.acc_interrupt_enable) refers to at32f425_acc.o(.text.acc_interrupt_enable) for [Anonymous Symbol]
    at32f425_acc.o(.ARM.exidx.text.acc_hicktrim_get) refers to at32f425_acc.o(.text.acc_hicktrim_get) for [Anonymous Symbol]
    at32f425_acc.o(.ARM.exidx.text.acc_hickcal_get) refers to at32f425_acc.o(.text.acc_hickcal_get) for [Anonymous Symbol]
    at32f425_acc.o(.ARM.exidx.text.acc_write_c1) refers to at32f425_acc.o(.text.acc_write_c1) for [Anonymous Symbol]
    at32f425_acc.o(.ARM.exidx.text.acc_write_c2) refers to at32f425_acc.o(.text.acc_write_c2) for [Anonymous Symbol]
    at32f425_acc.o(.ARM.exidx.text.acc_write_c3) refers to at32f425_acc.o(.text.acc_write_c3) for [Anonymous Symbol]
    at32f425_acc.o(.ARM.exidx.text.acc_read_c1) refers to at32f425_acc.o(.text.acc_read_c1) for [Anonymous Symbol]
    at32f425_acc.o(.ARM.exidx.text.acc_read_c2) refers to at32f425_acc.o(.text.acc_read_c2) for [Anonymous Symbol]
    at32f425_acc.o(.ARM.exidx.text.acc_read_c3) refers to at32f425_acc.o(.text.acc_read_c3) for [Anonymous Symbol]
    at32f425_acc.o(.ARM.exidx.text.acc_flag_get) refers to at32f425_acc.o(.text.acc_flag_get) for [Anonymous Symbol]
    at32f425_acc.o(.ARM.exidx.text.acc_flag_clear) refers to at32f425_acc.o(.text.acc_flag_clear) for [Anonymous Symbol]
    at32f425_adc.o(.text.adc_reset) refers to at32f425_crm.o(.text.crm_periph_reset) for crm_periph_reset
    at32f425_adc.o(.ARM.exidx.text.adc_reset) refers to at32f425_adc.o(.text.adc_reset) for [Anonymous Symbol]
    at32f425_adc.o(.ARM.exidx.text.adc_enable) refers to at32f425_adc.o(.text.adc_enable) for [Anonymous Symbol]
    at32f425_adc.o(.ARM.exidx.text.adc_base_default_para_init) refers to at32f425_adc.o(.text.adc_base_default_para_init) for [Anonymous Symbol]
    at32f425_adc.o(.ARM.exidx.text.adc_base_config) refers to at32f425_adc.o(.text.adc_base_config) for [Anonymous Symbol]
    at32f425_adc.o(.ARM.exidx.text.adc_dma_mode_enable) refers to at32f425_adc.o(.text.adc_dma_mode_enable) for [Anonymous Symbol]
    at32f425_adc.o(.ARM.exidx.text.adc_interrupt_enable) refers to at32f425_adc.o(.text.adc_interrupt_enable) for [Anonymous Symbol]
    at32f425_adc.o(.ARM.exidx.text.adc_calibration_init) refers to at32f425_adc.o(.text.adc_calibration_init) for [Anonymous Symbol]
    at32f425_adc.o(.ARM.exidx.text.adc_calibration_init_status_get) refers to at32f425_adc.o(.text.adc_calibration_init_status_get) for [Anonymous Symbol]
    at32f425_adc.o(.ARM.exidx.text.adc_calibration_start) refers to at32f425_adc.o(.text.adc_calibration_start) for [Anonymous Symbol]
    at32f425_adc.o(.ARM.exidx.text.adc_calibration_status_get) refers to at32f425_adc.o(.text.adc_calibration_status_get) for [Anonymous Symbol]
[...]
    class_in_handler                         0x08000a45   Thumb Code    22  custom_hid_class.o(.text.class_in_handler)
    [Anonymous Symbol]                       0x08000a44   Section        0  custom_hid_class.o(.text.class_in_handler)
    class_init_handler                       0x08000a5d   Thumb Code    74  custom_hid_class.o(.text.class_init_handler)
    [Anonymous Symbol]                       0x08000a5c   Section        0  custom_hid_class.o(.text.class_init_handler)
    class_out_handler                        0x08000aa9   Thumb Code    74  custom_hid_class.o(.text.class_out_handler)
    [Anonymous Symbol]                       0x08000aa8   Section        0  custom_hid_class.o(.text.class_out_handler)
    class_setup_handler                      0x08000af5   Thumb Code   384  custom_hid_class.o(.text.class_setup_handler)
    [Anonymous Symbol]                       0x08000af4   Section        0  custom_hid_class.o(.text.class_setup_handler)
    class_sof_handler                        0x08000c75   Thumb Code    18  custom_hid_class.o(.text.class_sof_handler)
    [Anonymous Symbol]                       0x08000c74   Section        0  custom_hid_class.o(.text.class_sof_handler)
    [Anonymous Symbol]                       0x08000c88   Section        0  at32f425_crm.o(.text.crm_ahb_div_set)
    [Anonymous Symbol]                       0x08000cb0   Section        0  at32f425_crm.o(.text.crm_apb1_div_set)
    [Anonymous Symbol]                       0x08000cd8   Section        0  at32f425_crm.o(.text.crm_apb2_div_set)
    [Anonymous Symbol]                       0x08000d00   Section        0  at32f425_crm.o(.text.crm_clock_source_enable)
    [Anonymous Symbol]                       0x08000da8   Section        0  at32f425_crm.o(.text.crm_flag_get)
    [Anonymous Symbol]                       0x08000de8   Section        0  at32f425_crm.o(.text.crm_hick_divider_select)
    [Anonymous Symbol]                       0x08000e10   Section        0  at32f425_crm.o(.text.crm_hick_sclk_frequency_select)
    [Anonymous Symbol]                       0x08000e40   Section        0  at32f425_crm.o(.text.crm_periph_clock_enable)
    [Anonymous Symbol]                       0x08000e94   Section        0  at32f425_crm.o(.text.crm_pll_config)
    [Anonymous Symbol]                       0x08001078   Section        0  at32f425_crm.o(.text.crm_reset)
    [Anonymous Symbol]                       0x08001114   Section        0  at32f425_crm.o(.text.crm_sysclk_switch)
    [Anonymous Symbol]                       0x08001134   Section        0  at32f425_crm.o(.text.crm_sysclk_switch_status_get)
    [Anonymous Symbol]                       0x08001144   Section        0  at32f425_crm.o(.text.crm_usb_clock_div_set)
    [Anonymous Symbol]                       0x08001178   Section        0  at32f425_crm.o(.text.crm_usb_clock_source_select)
    [Anonymous Symbol]                       0x080011b4   Section        0  at32f425_crm.o(.text.crm_usb_div_reset)
    data_clear                               0x08001215   Thumb Code    54  ag620_show.o(.text.data_clear)
    [Anonymous Symbol]                       0x08001214   Section        0  ag620_show.o(.text.data_clear)
    [Anonymous Symbol]                       0x0800124c   Section        0  delay.o(.text.delay_init)
    [Anonymous Symbol]                       0x0800128c   Section        0  delay.o(.text.delay_ms)
    [Anonymous Symbol]                       0x08001364   Section        0  at32f425_exint.o(.text.exint_flag_clear)
    [Anonymous Symbol]                       0x08001378   Section        0  at32f425_exint.o(.text.exint_flag_get)
    get_device_config_string                 0x080013b5   Thumb Code    46  custom_hid_desc.o(.text.get_device_config_string)
    [Anonymous Symbol]                       0x080013b4   Section        0  custom_hid_desc.o(.text.get_device_config_string)
    get_device_configuration                 0x080013e5   Thumb Code    10  custom_hid_desc.o(.text.get_device_configuration)
    [Anonymous Symbol]                       0x080013e4   Section        0  custom_hid_desc.o(.text.get_device_configuration)
    get_device_descriptor                    0x080013f1   Thumb Code    10  custom_hid_desc.o(.text.get_device_descriptor)
    [Anonymous Symbol]                       0x080013f0   Section        0  custom_hid_desc.o(.text.get_device_descriptor)
    get_device_interface_string              0x080013fd   Thumb Code    46  custom_hid_desc.o(.text.get_device_interface_string)
    [Anonymous Symbol]                       0x080013fc   Section        0  custom_hid_desc.o(.text.get_device_interface_string)
    get_device_lang_id                       0x0800142d   Thumb Code    10  custom_hid_desc.o(.text.get_device_lang_id)
    [Anonymous Symbol]                       0x0800142c   Section        0  custom_hid_desc.o(.text.get_device_lang_id)
    get_device_manufacturer_string           0x08001439   Thumb Code    46  custom_hid_desc.o(.text.get_device_manufacturer_string)
    [Anonymous Symbol]                       0x08001438   Section        0  custom_hid_desc.o(.text.get_device_manufacturer_string)
    get_device_other_speed                   0x08001469   Thumb Code     4  custom_hid_desc.o(.text.get_device_other_speed)
    [Anonymous Symbol]                       0x08001468   Section        0  custom_hid_desc.o(.text.get_device_other_speed)
    get_device_product_string                0x0800146d   Thumb Code    46  custom_hid_desc.o(.text.get_device_product_string)
    [Anonymous Symbol]                       0x0800146c   Section        0  custom_hid_desc.o(.text.get_device_product_string)
    get_device_qualifier                     0x0800149d   Thumb Code     4  custom_hid_desc.o(.text.get_device_qualifier)
    [Anonymous Symbol]                       0x0800149c   Section        0  custom_hid_desc.o(.text.get_device_qualifier)
    get_device_serial_string                 0x080014a1   Thumb Code    16  custom_hid_desc.o(.text.get_device_serial_string)
    [Anonymous Symbol]                       0x080014a0   Section        0  custom_hid_desc.o(.text.get_device_serial_string)
    get_serial_num                           0x080014b1   Thumb Code    92  custom_hid_desc.o(.text.get_serial_num)
    [Anonymous Symbol]                       0x080014b0   Section        0  custom_hid_desc.o(.text.get_serial_num)
    [Anonymous Symbol]                       0x0800150c   Section        0  at32f425_gpio.o(.text.gpio_default_para_init)
    [Anonymous Symbol]                       0x08001530   Section        0  at32f425_gpio.o(.text.gpio_init)
    [Anonymous Symbol]                       0x08001618   Section        0  main.o(.text.main)
    [Anonymous Symbol]                       0x08001688   Section        0  ag620_show.o(.text.num_map)
    number                                   0x080016fd   Thumb Code    78  ag620_show.o(.text.number)
    [Anonymous Symbol]                       0x080016fc   Section        0  ag620_show.o(.text.number)
    [Anonymous Symbol]                       0x0800174c   Section        0  at32f425_misc.o(.text.nvic_irq_enable)
    [Anonymous Symbol]                       0x08001780   Section        0  at32f425_misc.o(.text.nvic_priority_group_config)
    [Anonymous Symbol]                       0x08001794   Section        0  spi.o(.text.spi1_writ_byte)
    [Anonymous Symbol]                       0x080017e0   Section        0  spi.o(.text.spi_config)
    [Anonymous Symbol]                       0x08001844   Section        0  at32f425_spi.o(.text.spi_default_para_init)
    [Anonymous Symbol]                       0x08001870   Section        0  at32f425_spi.o(.text.spi_enable)
    spi_gpio_config                          0x08001895   Thumb Code   132  spi.o(.text.spi_gpio_config)
    [Anonymous Symbol]                       0x08001894   Section        0  spi.o(.text.spi_gpio_config)
    [Anonymous Symbol]                       0x08001918   Section        0  at32f425_spi.o(.text.spi_i2s_data_transmit)
    [Anonymous Symbol]                       0x0800192c   Section        0  at32f425_spi.o(.text.spi_i2s_flag_get)
    [Anonymous Symbol]                       0x0800195c   Section        0  at32f425_spi.o(.text.spi_init)
    [Anonymous Symbol]                       0x08001b54   Section        0  ag620_show.o(.text.stand_read)
    [Anonymous Symbol]                       0x08001b98   Section        0  at32f425_clock.o(.text.system_clock_config)
    [Anonymous Symbol]                       0x08001c24   Section        0  system_at32f425.o(.text.system_core_clock_update)
    [Anonymous Symbol]                       0x08001e58   Section        0  at32f425_misc.o(.text.systick_clock_source_config)
    [Anonymous Symbol]                       0x08001e90   Section        0  main.o(.text.usb_clock48m_select)
    [Anonymous Symbol]                       0x08001f38   Section        0  at32f425_usb.o(.text.usb_connect)
    [Anonymous Symbol]                       0x08001f50   Section        0  usb_core.o(.text.usb_core_config)
    [Anonymous Symbol]                       0x08001fb8   Section        0  at32f425_usb.o(.text.usb_disconnect)
    [Anonymous Symbol]                       0x08001fd0   Section        0  at32f425_usb.o(.text.usb_ept0_setup)
    [Anonymous Symbol]                       0x08001ff8   Section        0  at32f425_usb.o(.text.usb_ept0_start)
    [Anonymous Symbol]                       0x08002030   Section        0  at32f425_usb.o(.text.usb_ept_clear_stall)
    [Anonymous Symbol]                       0x080020cc   Section        0  at32f425_usb.o(.text.usb_ept_close)
    [Anonymous Symbol]                       0x0800213c   Section        0  usbd_core.o(.text.usb_ept_default_init)
    [Anonymous Symbol]                       0x08002230   Section        0  at32f425_usb.o(.text.usb_ept_in_clear)
    [Anonymous Symbol]                       0x0800224c   Section        0  at32f425_usb.o(.text.usb_ept_in_interrupt)
    [Anonymous Symbol]                       0x0800228c   Section        0  at32f425_usb.o(.text.usb_ept_open)
    [Anonymous Symbol]                       0x0800246c   Section        0  at32f425_usb.o(.text.usb_ept_out_clear)
    [Anonymous Symbol]                       0x08002488   Section        0  at32f425_usb.o(.text.usb_ept_out_interrupt)
    [Anonymous Symbol]                       0x080024ac   Section        0  at32f425_usb.o(.text.usb_ept_stall)
    [Anonymous Symbol]                       0x08002550   Section        0  at32f425_usb.o(.text.usb_flush_rx_fifo)
    [Anonymous Symbol]                       0x0800258c   Section        0  at32f425_usb.o(.text.usb_flush_tx_fifo)
    [Anonymous Symbol]                       0x080025e0   Section        0  at32f425_usb.o(.text.usb_get_all_in_interrupt)
    [Anonymous Symbol]                       0x080025fc   Section        0  at32f425_usb.o(.text.usb_get_all_out_interrupt)
    [Anonymous Symbol]                       0x08002618   Section        0  at32f425_usb.o(.text.usb_global_clear_interrupt)
    [Anonymous Symbol]                       0x08002628   Section        0  at32f425_usb.o(.text.usb_global_get_all_interrupt)
    [Anonymous Symbol]                       0x08002640   Section        0  at32f425_usb.o(.text.usb_global_init)
    [Anonymous Symbol]                       0x0800265c   Section        0  at32f425_usb.o(.text.usb_global_interrupt_enable)
    [Anonymous Symbol]                       0x08002694   Section        0  at32f425_usb.o(.text.usb_global_reset)
    [Anonymous Symbol]                       0x080026fc   Section        0  at32f425_usb.o(.text.usb_global_select_core)
    [Anonymous Symbol]                       0x0800270c   Section        0  at32f425_usb.o(.text.usb_global_set_mode)
    [Anonymous Symbol]                       0x08002770   Section        0  main.o(.text.usb_gpio_config)
    usb_hid_buf_process                      0x080027a5   Thumb Code   134  custom_hid_class.o(.text.usb_hid_buf_process)
    [Anonymous Symbol]                       0x080027a4   Section        0  custom_hid_class.o(.text.usb_hid_buf_process)
    [Anonymous Symbol]                       0x0800282c   Section        0  at32f425_usb.o(.text.usb_interrupt_disable)
    [Anonymous Symbol]                       0x08002840   Section        0  at32f425_usb.o(.text.usb_interrupt_enable)
    [Anonymous Symbol]                       0x08002854   Section        0  at32f425_usb.o(.text.usb_open_phy_clk)
    [Anonymous Symbol]                       0x0800286c   Section        0  at32f425_usb.o(.text.usb_read_packet)
    [Anonymous Symbol]                       0x080028b8   Section        0  at32f425_usb.o(.text.usb_set_address)
    [Anonymous Symbol]                       0x080028e0   Section        0  at32f425_usb.o(.text.usb_set_rx_fifo)
    [Anonymous Symbol]                       0x080028f4   Section        0  at32f425_usb.o(.text.usb_set_tx_fifo)
    [Anonymous Symbol]                       0x0800298c   Section        0  at32f425_usb.o(.text.usb_stop_phy_clk)
    [Anonymous Symbol]                       0x080029a4   Section        0  at32f425_usb.o(.text.usb_suspend_status_get)
    [Anonymous Symbol]                       0x080029b8   Section        0  usbd_int.o(.text.usb_write_empty_txfifo)
    [Anonymous Symbol]                       0x08002ab0   Section        0  at32f425_usb.o(.text.usb_write_packet)
    usbd_clear_feature                       0x08002b05   Thumb Code   104  usbd_sdr.o(.text.usbd_clear_feature)
    [Anonymous Symbol]                       0x08002b04   Section        0  usbd_sdr.o(.text.usbd_clear_feature)
    [Anonymous Symbol]                       0x08002b6c   Section        0  usbd_core.o(.text.usbd_clear_stall)
    [Anonymous Symbol]                       0x08002bc8   Section        0  usbd_core.o(.text.usbd_connect)
    [Anonymous Symbol]                       0x08002bdc   Section        0  usbd_core.o(.text.usbd_core_in_handler)
    [Anonymous Symbol]                       0x08002cfc   Section        0  usbd_core.o(.text.usbd_core_init)
    [Anonymous Symbol]                       0x08002ecc   Section        0  usbd_core.o(.text.usbd_core_out_handler)
    [Anonymous Symbol]                       0x08002fa0   Section        0  usbd_core.o(.text.usbd_core_setup_handler)
    [Anonymous Symbol]                       0x0800300c   Section        0  usbd_core.o(.text.usbd_ctrl_recv)
    [Anonymous Symbol]                       0x0800304c   Section        0  usbd_core.o(.text.usbd_ctrl_recv_status)
    [Anonymous Symbol]                       0x0800306c   Section        0  usbd_core.o(.text.usbd_ctrl_send)
    [Anonymous Symbol]                       0x080030a8   Section        0  usbd_core.o(.text.usbd_ctrl_send_status)
    [Anonymous Symbol]                       0x080030c8   Section        0  usbd_core.o(.text.usbd_ctrl_unsupport)
    [Anonymous Symbol]                       0x080030e4   Section        0  usbd_sdr.o(.text.usbd_device_request)
    [Anonymous Symbol]                       0x0800318c   Section        0  usbd_core.o(.text.usbd_disconnect)
    [Anonymous Symbol]                       0x080031a0   Section        0  usbd_sdr.o(.text.usbd_endpoint_request)
    [Anonymous Symbol]                       0x08003398   Section        0  usbd_core.o(.text.usbd_enter_suspend)
    [Anonymous Symbol]                       0x080033bc   Section        0  usbd_int.o(.text.usbd_enumdone_handler)
    [Anonymous Symbol]                       0x08003418   Section        0  usbd_core.o(.text.usbd_ept_close)
    [Anonymous Symbol]                       0x0800346c   Section        0  usbd_core.o(.text.usbd_ept_open)
    [Anonymous Symbol]                       0x080034e8   Section        0  usbd_core.o(.text.usbd_ept_recv)
    [Anonymous Symbol]                       0x08003600   Section        0  usbd_core.o(.text.usbd_ept_send)
    [Anonymous Symbol]                       0x08003790   Section        0  usbd_core.o(.text.usbd_fifo_alloc)
    usbd_get_configuration                   0x08003809   Thumb Code   116  usbd_sdr.o(.text.usbd_get_configuration)
    [Anonymous Symbol]                       0x08003808   Section        0  usbd_sdr.o(.text.usbd_get_configuration)
    usbd_get_descriptor                      0x0800387d   Thumb Code   350  usbd_sdr.o(.text.usbd_get_descriptor)
    [Anonymous Symbol]                       0x0800387c   Section        0  usbd_sdr.o(.text.usbd_get_descriptor)
    [Anonymous Symbol]                       0x080039dc   Section        0  usbd_core.o(.text.usbd_get_recv_len)
    usbd_get_status                          0x08003a05   Thumb Code    82  usbd_sdr.o(.text.usbd_get_status)
    [Anonymous Symbol]                       0x08003a04   Section        0  usbd_sdr.o(.text.usbd_get_status)
    [Anonymous Symbol]                       0x08003a58   Section        0  usbd_int.o(.text.usbd_incomisioin_handler)
    [Anonymous Symbol]                       0x08003a78   Section        0  usbd_int.o(.text.usbd_incomisoout_handler)
    [Anonymous Symbol]                       0x08003a98   Section        0  usbd_int.o(.text.usbd_inept_handler)
    [Anonymous Symbol]                       0x08003b8c   Section        0  usb_core.o(.text.usbd_init)
    usbd_int_to_unicode                      0x08003c0d   Thumb Code   122  custom_hid_desc.o(.text.usbd_int_to_unicode)
    [Anonymous Symbol]                       0x08003c0c   Section        0  custom_hid_desc.o(.text.usbd_int_to_unicode)
    [Anonymous Symbol]                       0x08003c88   Section        0  usbd_sdr.o(.text.usbd_interface_request)
    [Anonymous Symbol]                       0x08003cd8   Section        0  usbd_int.o(.text.usbd_irq_handler)
    [Anonymous Symbol]                       0x08003e28   Section        0  usbd_int.o(.text.usbd_outept_handler)
    [Anonymous Symbol]                       0x08003f00   Section        0  usbd_int.o(.text.usbd_reset_handler)
    [Anonymous Symbol]                       0x08003fe0   Section        0  usbd_int.o(.text.usbd_rxflvl_handler)
    usbd_set_address                         0x08004095   Thumb Code   132  usbd_sdr.o(.text.usbd_set_address)
    [Anonymous Symbol]                       0x08004094   Section        0  usbd_sdr.o(.text.usbd_set_address)
    usbd_set_configuration                   0x08004119   Thumb Code   296  usbd_sdr.o(.text.usbd_set_configuration)
    [Anonymous Symbol]                       0x08004118   Section        0  usbd_sdr.o(.text.usbd_set_configuration)
    usbd_set_feature                         0x08004241   Thumb Code    66  usbd_sdr.o(.text.usbd_set_feature)
    [Anonymous Symbol]                       0x08004240   Section        0  usbd_sdr.o(.text.usbd_set_feature)
    [Anonymous Symbol]                       0x08004284   Section        0  usbd_core.o(.text.usbd_set_stall)
    [Anonymous Symbol]                       0x080042e0   Section        0  usbd_sdr.o(.text.usbd_setup_request_parse)
    [Anonymous Symbol]                       0x08004324   Section        0  usbd_int.o(.text.usbd_sof_handler)
    [Anonymous Symbol]                       0x08004344   Section        0  usbd_int.o(.text.usbd_suspend_handler)
    usbd_unicode_convert                     0x08004391   Thumb Code   118  custom_hid_desc.o(.text.usbd_unicode_convert)
    [Anonymous Symbol]                       0x08004390   Section        0  custom_hid_desc.o(.text.usbd_unicode_convert)
    [Anonymous Symbol]                       0x08004408   Section        0  usbd_int.o(.text.usbd_wakeup_handler)
    TM1668_10X7_CODE                         0x0800444e   Data          11  ag620_show.o(.rodata.TM1668_10X7_CODE)
    [Anonymous Symbol]                       0x0800444e   Section        0  ag620_show.o(.rodata.TM1668_10X7_CODE)
    .L.str.1                                 0x08004459   Data          14  custom_hid_desc.o(.rodata.str1.1)
    [Anonymous Symbol]                       0x08004459   Section        0  custom_hid_desc.o(.rodata.str1.1)
    .L.str.3                                 0x08004467   Data          23  custom_hid_desc.o(.rodata.str1.1)
    .L.str.4                                 0x0800447e   Data          20  custom_hid_desc.o(.rodata.str1.1)
    .L.str                                   0x08004492   Data           9  custom_hid_desc.o(.rodata.str1.1)
    system_core_clock_update.sys_ahb_div_table 0x0800449b   Data          16  system_at32f425.o(.rodata.system_core_clock_update.sys_ahb_div_table)
    [Anonymous Symbol]                       0x0800449b   Section        0  system_at32f425.o(.rodata.system_core_clock_update.sys_ahb_div_table)
    config_descriptor                        0x20000000   Data           8  custom_hid_desc.o(.data.config_descriptor)
    [Anonymous Symbol]                       0x20000000   Section        0  custom_hid_desc.o(.data.config_descriptor)
    d_count                                  0x20000058   Data           2  ag620_show.o(.data.d_count)
    [Anonymous Symbol]                       0x20000058   Section        0  ag620_show.o(.data.d_count)
    device_descriptor                        0x2000005c   Data           8  custom_hid_desc.o(.data.device_descriptor)
    [Anonymous Symbol]                       0x2000005c   Section        0  custom_hid_desc.o(.data.device_descriptor)
    g_string_lang_id                         0x20000070   Data           4  custom_hid_desc.o(.data.g_string_lang_id)
    [Anonymous Symbol]                       0x20000070   Section        0  custom_hid_desc.o(.data.g_string_lang_id)
    g_string_serial                          0x20000074   Data          26  custom_hid_desc.o(.data.g_string_serial)
    [Anonymous Symbol]                       0x20000074   Section        0  custom_hid_desc.o(.data.g_string_serial)
    g_usbd_configuration                     0x20000090   Data          41  custom_hid_desc.o(.data.g_usbd_configuration)
    [Anonymous Symbol]                       0x20000090   Section        0  custom_hid_desc.o(.data.g_usbd_configuration)
    g_usbd_descriptor                        0x2000013c   Data          18  custom_hid_desc.o(.data.g_usbd_descriptor)
    [Anonymous Symbol]                       0x2000013c   Section        0  custom_hid_desc.o(.data.g_usbd_descriptor)
    langid_descriptor                        0x20000150   Data           8  custom_hid_desc.o(.data.langid_descriptor)
    [Anonymous Symbol]                       0x20000150   Section        0  custom_hid_desc.o(.data.langid_descriptor)
    serial_descriptor                        0x20000158   Data           8  custom_hid_desc.o(.data.serial_descriptor)
    [Anonymous Symbol]                       0x20000158   Section        0  custom_hid_desc.o(.data.serial_descriptor)
    stand_count                              0x20000160   Data           2  ag620_show.o(.data.stand_count)
    [Anonymous Symbol]                       0x20000160   Section        0  ag620_show.o(.data.stand_count)
    .bss                                     0x20000168   Section       96  libspace.o(.bss)
    Alarm_flag                               0x200001c8   Data           1  ag620_show.o(.bss.Alarm_flag)
    [Anonymous Symbol]                       0x200001c8   Section        0  ag620_show.o(.bss.Alarm_flag)
    CH                                       0x200001c9   Data           1  ag620_show.o(.bss.CH)
    [Anonymous Symbol]                       0x200001c9   Section        0  ag620_show.o(.bss.CH)
    CO                                       0x200001ca   Data           1  ag620_show.o(.bss.CO)
    [Anonymous Symbol]                       0x200001ca   Section        0  ag620_show.o(.bss.CO)
    CT                                       0x200001cb   Data           1  ag620_show.o(.bss.CT)
    [Anonymous Symbol]                       0x200001cb   Section        0  ag620_show.o(.bss.CT)
    NOW_Mode                                 0x200001cc   Data           1  ag620_show.o(.bss.NOW_Mode)
    [Anonymous Symbol]                       0x200001cc   Section        0  ag620_show.o(.bss.NOW_Mode)
    fac_ms                                   0x200002e0   Data           4  delay.o(.bss.fac_ms)
    [Anonymous Symbol]                       0x200002e0   Section        0  delay.o(.bss.fac_ms)
    fac_us                                   0x200002e4   Data           4  delay.o(.bss.fac_us)
    [Anonymous Symbol]                       0x200002e4   Section        0  delay.o(.bss.fac_us)
    g_usbd_desc_buffer                       0x200002e8   Data         256  custom_hid_desc.o(.bss.g_usbd_desc_buffer)
    [Anonymous Symbol]                       0x200002e8   Section        0  custom_hid_desc.o(.bss.g_usbd_desc_buffer)
    led_data                                 0x200003e8   Data          14  ag620_show.o(.bss.led_data)
    [Anonymous Symbol]                       0x200003e8   Section        0  ag620_show.o(.bss.led_data)
    usbd_set_configuration.config_value      0x200006fc   Data           1  usbd_sdr.o(.bss.usbd_set_configuration.config_value)
    [Anonymous Symbol]                       0x200006fc   Section        0  usbd_sdr.o(.bss.usbd_set_configuration.config_value)
    vp_desc                                  0x20000700   Data           8  custom_hid_desc.o(.bss.vp_desc)
    [Anonymous Symbol]                       0x20000700   Section        0  custom_hid_desc.o(.bss.vp_desc)
    Heap_Mem                                 0x20000708   Data         512  startup_at32f425.o(HEAP)
    HEAP                                     0x20000708   Section      512  startup_at32f425.o(HEAP)
    Stack_Mem                                0x20000908   Data        1024  startup_at32f425.o(STACK)
    STACK                                    0x20000908   Section     1024  startup_at32f425.o(STACK)
    __initial_sp                             0x20000d08   Data           0  startup_at32f425.o(STACK)

    Global Symbols

    Symbol Name                              Value     Ov Type        Size  Object(Section)

    BuildAttributes$$THM_ISAv4$E$P$D$K$B$S$7EM$PE$A:L22UL41UL21$X:L11$S22US41US21$IEEE1$IW$~IW$USESV6$~STKCKD$USESV7$~SHL$OSPACE$ROPI$EBA8$UX$STANDARDLIB$REQ8$PRES8$EABIv2 0x00000000   Number         0  anon$$obj.o ABSOLUTE
    __fp_init_empty                          0x00000000   Number         0  fpinit_empty.o ABSOLUTE
    __ARM_exceptions_init                     - Undefined Weak Reference
    __alloca_initialize                       - Undefined Weak Reference
    __arm_preinit_                            - Undefined Weak Reference
    __arm_relocate_pie_                       - Undefined Weak Reference
    __cpp_initialize__aeabi_                  - Undefined Weak Reference
    __cxa_finalize                            - Undefined Weak Reference
    __rt_locale                               - Undefined Weak Reference
    __sigvec_lookup                           - Undefined Weak Reference
    _atexit_init                              - Undefined Weak Reference
    _call_atexit_fns                          - Undefined Weak Reference
    _clock_init                               - Undefined Weak Reference
    _fp_trap_init                             - Undefined Weak Reference
    _fp_trap_shutdown                         - Undefined Weak Reference
    _get_lc_collate                           - Undefined Weak Reference
    _get_lc_ctype                             - Undefined Weak Reference
    _get_lc_monetary                          - Undefined Weak Reference
    _get_lc_numeric                           - Undefined Weak Reference
    _get_lc_time                              - Undefined Weak Reference
    _getenv_init                              - Undefined Weak Reference
    _handle_redirection                       - Undefined Weak Reference
    _init_alloc                               - Undefined Weak Reference
    _init_user_alloc                          - Undefined Weak Reference
    _initio                                   - Undefined Weak Reference
    _rand_init                                - Undefined Weak Reference
    _signal_finish                            - Undefined Weak Reference
    _signal_init                              - Undefined Weak Reference
    _terminate_alloc                          - Undefined Weak Reference
    _terminate_user_alloc                     - Undefined Weak Reference
    _terminateio                              - Undefined Weak Reference
    __Vectors_Size                           0x000000d0   Number         0  startup_at32f425.o ABSOLUTE
    __Vectors                                0x08000000   Data           4  startup_at32f425.o(RESET)
    __Vectors_End                            0x080000d0   Data           0  startup_at32f425.o(RESET)
    __main                                   0x080000d1   Thumb Code     8  __main.o(!!!main)
    __scatterload                            0x080000d9   Thumb Code     0  __scatter.o(!!!scatter)
    __scatterload_rt2                        0x080000d9   Thumb Code    44  __scatter.o(!!!scatter)
    __scatterload_rt2_thumb_only             0x080000d9   Thumb Code     0  __scatter.o(!!!scatter)
    __scatterload_null                       0x080000e7   Thumb Code     0  __scatter.o(!!!scatter)
    __decompress                             0x0800010d   Thumb Code    90  __dczerorl2.o(!!dczerorl2)
    __decompress1                            0x0800010d   Thumb Code     0  __dczerorl2.o(!!dczerorl2)
    __scatterload_zeroinit                   0x08000169   Thumb Code    28  __scatter_zi.o(!!handler_zi)
    __rt_lib_init                            0x08000185   Thumb Code     0  libinit.o(.ARM.Collect$$libinit$$00000000)
    __rt_lib_init_alloca_1                   0x08000187   Thumb Code     0  libinit2.o(.ARM.Collect$$libinit$$00000030)
    __rt_lib_init_argv_1                     0x08000187   Thumb Code     0  libinit2.o(.ARM.Collect$$libinit$$0000002E)
    __rt_lib_init_atexit_1                   0x08000187   Thumb Code     0  libinit2.o(.ARM.Collect$$libinit$$0000001D)
    __rt_lib_init_clock_1                    0x08000187   Thumb Code     0  libinit2.o(.ARM.Collect$$libinit$$00000023)
    __rt_lib_init_cpp_1                      0x08000187   Thumb Code     0  libinit2.o(.ARM.Collect$$libinit$$00000034)
    __rt_lib_init_exceptions_1               0x08000187   Thumb Code     0  libinit2.o(.ARM.Collect$$libinit$$00000032)
    __rt_lib_init_fp_1                       0x08000187   Thumb Code     0  libinit2.o(.ARM.Collect$$libinit$$00000002)
    __rt_lib_init_fp_trap_1                  0x08000187   Thumb Code     0  libinit2.o(.ARM.Collect$$libinit$$00000021)
    __rt_lib_init_getenv_1                   0x08000187   Thumb Code     0  libinit2.o(.ARM.Collect$$libinit$$00000025)
    __rt_lib_init_heap_1                     0x08000187   Thumb Code     0  libinit2.o(.ARM.Collect$$libinit$$0000000C)
    __rt_lib_init_lc_collate_1               0x08000187   Thumb Code     0  libinit2.o(.ARM.Collect$$libinit$$00000013)
    __rt_lib_init_lc_ctype_1                 0x08000187   Thumb Code     0  libinit2.o(.ARM.Collect$$libinit$$00000015)
    __rt_lib_init_lc_monetary_1              0x08000187   Thumb Code     0  libinit2.o(.ARM.Collect$$libinit$$00000017)
    __rt_lib_init_lc_numeric_1               0x08000187   Thumb Code     0  libinit2.o(.ARM.Collect$$libinit$$00000019)
    __rt_lib_init_lc_time_1                  0x08000187   Thumb Code     0  libinit2.o(.ARM.Collect$$libinit$$0000001B)
    __rt_lib_init_preinit_1                  0x08000187   Thumb Code     0  libinit2.o(.ARM.Collect$$libinit$$00000006)
    __rt_lib_init_rand_1                     0x08000187   Thumb Code     0  libinit2.o(.ARM.Collect$$libinit$$00000010)
    __rt_lib_init_relocate_pie_1             0x08000187   Thumb Code     0  libinit2.o(.ARM.Collect$$libinit$$00000004)
    __rt_lib_init_return                     0x08000187   Thumb Code     0  libinit2.o(.ARM.Collect$$libinit$$00000035)
    __rt_lib_init_signal_1                   0x08000187   Thumb Code     0  libinit2.o(.ARM.Collect$$libinit$$0000001F)
    __rt_lib_init_stdio_1                    0x08000187   Thumb Code     0  libinit2.o(.ARM.Collect$$libinit$$00000027)
    __rt_lib_init_user_alloc_1               0x08000187   Thumb Code     0  libinit2.o(.ARM.Collect$$libinit$$0000000E)
    __rt_lib_shutdown                        0x08000189   Thumb Code     0  libshutdown.o(.ARM.Collect$$libshutdown$$00000000)
    __rt_lib_shutdown_cpp_1                  0x0800018b   Thumb Code     0  libshutdown2.o(.ARM.Collect$$libshutdown$$00000002)
    __rt_lib_shutdown_fp_trap_1              0x0800018b   Thumb Code     0  libshutdown2.o(.ARM.Collect$$libshutdown$$00000007)
    __rt_lib_shutdown_heap_1                 0x0800018b   Thumb Code     0  libshutdown2.o(.ARM.Collect$$libshutdown$$0000000F)
    __rt_lib_shutdown_return                 0x0800018b   Thumb Code     0  libshutdown2.o(.ARM.Collect$$libshutdown$$00000010)
    __rt_lib_shutdown_signal_1               0x0800018b   Thumb Code     0  libshutdown2.o(.ARM.Collect$$libshutdown$$0000000A)
    __rt_lib_shutdown_stdio_1                0x0800018b   Thumb Code     0  libshutdown2.o(.ARM.Collect$$libshutdown$$00000004)
    __rt_lib_shutdown_user_alloc_1           0x0800018b   Thumb Code     0  libshutdown2.o(.ARM.Collect$$libshutdown$$0000000C)
    __rt_entry                               0x0800018d   Thumb Code     0  __rtentry.o(.ARM.Collect$$rtentry$$00000000)
    __rt_entry_presh_1                       0x0800018d   Thumb Code     0  __rtentry2.o(.ARM.Collect$$rtentry$$00000002)
    __rt_entry_sh                            0x0800018d   Thumb Code     0  __rtentry4.o(.ARM.Collect$$rtentry$$00000004)
    __rt_entry_li                            0x08000193   Thumb Code     0  __rtentry2.o(.ARM.Collect$$rtentry$$0000000A)
    __rt_entry_postsh_1                      0x08000193   Thumb Code     0  __rtentry2.o(.ARM.Collect$$rtentry$$00000009)
    __rt_entry_main                          0x08000197   Thumb Code     0  __rtentry2.o(.ARM.Collect$$rtentry$$0000000D)
    __rt_entry_postli_1                      0x08000197   Thumb Code     0  __rtentry2.o(.ARM.Collect$$rtentry$$0000000C)
    __rt_exit                                0x0800019f   Thumb Code     0  rtexit.o(.ARM.Collect$$rtexit$$00000000)
    __rt_exit_ls                             0x080001a1   Thumb Code     0  rtexit2.o(.ARM.Collect$$rtexit$$00000003)
    __rt_exit_prels_1                        0x080001a1   Thumb Code     0  rtexit2.o(.ARM.Collect$$rtexit$$00000002)
    __rt_exit_exit                           0x080001a5   Thumb Code     0  rtexit2.o(.ARM.Collect$$rtexit$$00000004)
    Reset_Handler                            0x080001ad   Thumb Code     8  startup_at32f425.o(.text)
    NMI_Handler                              0x080001b5   Thumb Code     2  startup_at32f425.o(.text)
    HardFault_Handler                        0x080001b7   Thumb Code     2  startup_at32f425.o(.text)
    MemManage_Handler                        0x080001b9   Thumb Code     2  startup_at32f425.o(.text)
    BusFault_Handler                         0x080001bb   Thumb Code     2  startup_at32f425.o(.text)
    UsageFault_Handler                       0x080001bd   Thumb Code     2  startup_at32f425.o(.text)
    SVC_Handler                              0x080001bf   Thumb Code     2  startup_at32f425.o(.text)
    DebugMon_Handler                         0x080001c1   Thumb Code     2  startup_at32f425.o(.text)
    PendSV_Handler                           0x080001c3   Thumb Code     2  startup_at32f425.o(.text)
    SysTick_Handler                          0x080001c5   Thumb Code     2  startup_at32f425.o(.text)
    ACC_IRQHandler                           0x080001c7   Thumb Code     0  startup_at32f425.o(.text)
    ADC1_IRQHandler                          0x080001c7   Thumb Code     0  startup_at32f425.o(.text)
    CAN1_IRQHandler                          0x080001c7   Thumb Code     0  startup_at32f425.o(.text)
    CRM_IRQHandler                           0x080001c7   Thumb Code     0  startup_at32f425.o(.text)
    DMA1_Channel1_IRQHandler                 0x080001c7   Thumb Code     0  startup_at32f425.o(.text)
    DMA1_Channel3_2_IRQHandler               0x080001c7   Thumb Code     0  startup_at32f425.o(.text)
    DMA1_Channel7_4_IRQHandler               0x080001c7   Thumb Code     0  startup_at32f425.o(.text)
    ERTC_IRQHandler                          0x080001c7   Thumb Code     0  startup_at32f425.o(.text)
    EXINT15_4_IRQHandler                     0x080001c7   Thumb Code     0  startup_at32f425.o(.text)
    EXINT1_0_IRQHandler                      0x080001c7   Thumb Code     0  startup_at32f425.o(.text)
    EXINT3_2_IRQHandler                      0x080001c7   Thumb Code     0  startup_at32f425.o(.text)
    FLASH_IRQHandler                         0x080001c7   Thumb Code     0  startup_at32f425.o(.text)
    I2C1_ERR_IRQHandler                      0x080001c7   Thumb Code     0  startup_at32f425.o(.text)
    I2C1_EVT_IRQHandler                      0x080001c7   Thumb Code     0  startup_at32f425.o(.text)
    I2C2_ERR_IRQHandler                      0x080001c7   Thumb Code     0  startup_at32f425.o(.text)
    I2C2_EVT_IRQHandler                      0x080001c7   Thumb Code     0  startup_at32f425.o(.text)
    PVM_IRQHandler                           0x080001c7   Thumb Code     0  startup_at32f425.o(.text)
    SPI1_IRQHandler                          0x080001c7   Thumb Code     0  startup_at32f425.o(.text)
    SPI2_IRQHandler                          0x080001c7   Thumb Code     0  startup_at32f425.o(.text)
    SPI3_IRQHandler                          0x080001c7   Thumb Code     0  startup_at32f425.o(.text)
    TMR13_GLOBAL_IRQHandler                  0x080001c7   Thumb Code     0  startup_at32f425.o(.text)
    TMR14_GLOBAL_IRQHandler                  0x080001c7   Thumb Code     0  startup_at32f425.o(.text)
    TMR15_GLOBAL_IRQHandler                  0x080001c7   Thumb Code     0  startup_at32f425.o(.text)
    TMR16_GLOBAL_IRQHandler                  0x080001c7   Thumb Code     0  startup_at32f425.o(.text)
    TMR17_GLOBAL_IRQHandler                  0x080001c7   Thumb Code     0  startup_at32f425.o(.text)
    TMR1_BRK_OVF_TRG_HALL_IRQHandler         0x080001c7   Thumb Code     0  startup_at32f425.o(.text)
    TMR1_CH_IRQHandler                       0x080001c7   Thumb Code     0  startup_at32f425.o(.text)
    TMR2_GLOBAL_IRQHandler                   0x080001c7   Thumb Code     0  startup_at32f425.o(.text)
    TMR3_GLOBAL_IRQHandler                   0x080001c7   Thumb Code     0  startup_at32f425.o(.text)
    TMR6_GLOBAL_IRQHandler                   0x080001c7   Thumb Code     0  startup_at32f425.o(.text)
    TMR7_GLOBAL_IRQHandler                   0x080001c7   Thumb Code     0  startup_at32f425.o(.text)
    USART1_IRQHandler                        0x080001c7   Thumb Code     0  startup_at32f425.o(.text)
    USART2_IRQHandler                        0x080001c7   Thumb Code     0  startup_at32f425.o(.text)
    USART4_3_IRQHandler                      0x080001c7   Thumb Code     0  startup_at32f425.o(.text)
    WWDT_IRQHandler                          0x080001c7   Thumb Code     0  startup_at32f425.o(.text)
    __user_initial_stackheap                 0x080001c9   Thumb Code     0  startup_at32f425.o(.text)
    __aeabi_uldivmod                         0x080001ed   Thumb Code     0  lludivv7m.o(.text)
    _ll_udiv                                 0x080001ed   Thumb Code   240  lludivv7m.o(.text)
    __use_two_region_memory                  0x080002dd   Thumb Code     2  heapauxi.o(.text)
    __rt_heap_escrow$2region                 0x080002df   Thumb Code     2  heapauxi.o(.text)
    __rt_heap_expand$2region                 0x080002e1   Thumb Code     2  heapauxi.o(.text)
    __user_setup_stackheap                   0x080002e3   Thumb Code    74  sys_stackheap_outer.o(.text)
    exit                                     0x0800032d   Thumb Code    18  exit.o(.text)
    __user_libspace                          0x08000341   Thumb Code     8  libspace.o(.text)
    __user_perproc_libspace                  0x08000341   Thumb Code     0  libspace.o(.text)
    __user_perthread_libspace                0x08000341   Thumb Code     0  libspace.o(.text)
    _sys_exit                                0x08000349   Thumb Code     8  sys_exit.o(.text)
    __I$use$semihosting                      0x08000355   Thumb Code     0  use_no_semi.o(.text)
    __use_no_semihosting_swi                 0x08000355   Thumb Code     2  use_no_semi.o(.text)
    __semihosting_library_function           0x08000357   Thumb Code     0  indicate_semi.o(.text)
    AG620_show                               0x08000359   Thumb Code   532  ag620_show.o(.text.AG620_show)
    OTGFS1_IRQHandler                        0x080005d9   Thumb Code    38  main.o(.text.OTGFS1_IRQHandler)
    SystemInit                               0x08000601   Thumb Code   168  system_at32f425.o(.text.SystemInit)
    TM1668_Init                              0x080006b9   Thumb Code   114  tm1668.o(.text.TM1668_Init)
    TM1668_WriteBytesAddrIncrease            0x0800073d   Thumb Code   132  tm1668.o(.text.TM1668_WriteBytesAddrIncrease)
    acc_calibration_mode_enable              0x08000881   Thumb Code    78  at32f425_acc.o(.text.acc_calibration_mode_enable)
    acc_write_c1                             0x080008d1   Thumb Code    24  at32f425_acc.o(.text.acc_write_c1)
    acc_write_c2                             0x080008e9   Thumb Code    24  at32f425_acc.o(.text.acc_write_c2)
    acc_write_c3                             0x08000901   Thumb Code    24  at32f425_acc.o(.text.acc_write_c3)
    ag620_show_init                          0x08000919   Thumb Code     8  ag620_show.o(.text.ag620_show_init)
    crm_ahb_div_set                          0x08000c89   Thumb Code    38  at32f425_crm.o(.text.crm_ahb_div_set)
    crm_apb1_div_set                         0x08000cb1   Thumb Code    38  at32f425_crm.o(.text.crm_apb1_div_set)
    crm_apb2_div_set                         0x08000cd9   Thumb Code    38  at32f425_crm.o(.text.crm_apb2_div_set)
    crm_clock_source_enable                  0x08000d01   Thumb Code   166  at32f425_crm.o(.text.crm_clock_source_enable)
    crm_flag_get                             0x08000da9   Thumb Code    62  at32f425_crm.o(.text.crm_flag_get)
    crm_hick_divider_select                  0x08000de9   Thumb Code    38  at32f425_crm.o(.text.crm_hick_divider_select)
    crm_hick_sclk_frequency_select           0x08000e11   Thumb Code    46  at32f425_crm.o(.text.crm_hick_sclk_frequency_select)
    crm_periph_clock_enable                  0x08000e41   Thumb Code    82  at32f425_crm.o(.text.crm_periph_clock_enable)
    crm_pll_config                           0x08000e95   Thumb Code   484  at32f425_crm.o(.text.crm_pll_config)
    crm_reset                                0x08001079   Thumb Code   154  at32f425_crm.o(.text.crm_reset)
    crm_sysclk_switch                        0x08001115   Thumb Code    30  at32f425_crm.o(.text.crm_sysclk_switch)
    crm_sysclk_switch_status_get             0x08001135   Thumb Code    16  at32f425_crm.o(.text.crm_sysclk_switch_status_get)
    crm_usb_clock_div_set                    0x08001145   Thumb Code    52  at32f425_crm.o(.text.crm_usb_clock_div_set)
    crm_usb_clock_source_select              0x08001179   Thumb Code    58  at32f425_crm.o(.text.crm_usb_clock_source_select)
    crm_usb_div_reset                        0x080011b5   Thumb Code    96  at32f425_crm.o(.text.crm_usb_div_reset)
    delay_init                               0x0800124d   Thumb Code    62  delay.o(.text.delay_init)
    delay_ms                                 0x0800128d   Thumb Code   216  delay.o(.text.delay_ms)
    exint_flag_clear                         0x08001365   Thumb Code    20  at32f425_exint.o(.text.exint_flag_clear)
    exint_flag_get                           0x08001379   Thumb Code    58  at32f425_exint.o(.text.exint_flag_get)
    gpio_default_para_init                   0x0800150d   Thumb Code    36  at32f425_gpio.o(.text.gpio_default_para_init)
    gpio_init                                0x08001531   Thumb Code   232  at32f425_gpio.o(.text.gpio_init)
    main                                     0x08001619   Thumb Code   110  main.o(.text.main)
    num_map                                  0x08001689   Thumb Code   116  ag620_show.o(.text.num_map)
    nvic_irq_enable                          0x0800174d   Thumb Code    52  at32f425_misc.o(.text.nvic_irq_enable)
    nvic_priority_group_config               0x08001781   Thumb Code    20  at32f425_misc.o(.text.nvic_priority_group_config)
    spi1_writ_byte                           0x08001795   Thumb Code    74  spi.o(.text.spi1_writ_byte)
    spi_config                               0x080017e1   Thumb Code    98  spi.o(.text.spi_config)
    spi_default_para_init                    0x08001845   Thumb Code    44  at32f425_spi.o(.text.spi_default_para_init)
    spi_enable                               0x08001871   Thumb Code    34  at32f425_spi.o(.text.spi_enable)
    spi_i2s_data_transmit                    0x08001919   Thumb Code    20  at32f425_spi.o(.text.spi_i2s_data_transmit)
    spi_i2s_flag_get                         0x0800192d   Thumb Code    48  at32f425_spi.o(.text.spi_i2s_flag_get)
    spi_init                                 0x0800195d   Thumb Code   502  at32f425_spi.o(.text.spi_init)
    stand_read                               0x08001b55   Thumb Code    66  ag620_show.o(.text.stand_read)
    system_clock_config                      0x08001b99   Thumb Code   138  at32f425_clock.o(.text.system_clock_config)
    system_core_clock_update                 0x08001c25   Thumb Code   562  system_at32f425.o(.text.system_core_clock_update)
    systick_clock_source_config              0x08001e59   Thumb Code    56  at32f425_misc.o(.text.systick_clock_source_config)
    usb_clock48m_select                      0x08001e91   Thumb Code   166  main.o(.text.usb_clock48m_select)
    usb_connect                              0x08001f39   Thumb Code    22  at32f425_usb.o(.text.usb_connect)
    usb_core_config                          0x08001f51   Thumb Code   102  usb_core.o(.text.usb_core_config)
    usb_disconnect                           0x08001fb9   Thumb Code    22  at32f425_usb.o(.text.usb_disconnect)
    usb_ept0_setup                           0x08001fd1   Thumb Code    38  at32f425_usb.o(.text.usb_ept0_setup)
    usb_ept0_start                           0x08001ff9   Thumb Code    56  at32f425_usb.o(.text.usb_ept0_start)
    usb_ept_clear_stall                      0x08002031   Thumb Code   154  at32f425_usb.o(.text.usb_ept_clear_stall)
    usb_ept_close                            0x080020cd   Thumb Code   112  at32f425_usb.o(.text.usb_ept_close)
    usb_ept_default_init                     0x0800213d   Thumb Code   242  usbd_core.o(.text.usb_ept_default_init)
    usb_ept_in_clear                         0x08002231   Thumb Code    26  at32f425_usb.o(.text.usb_ept_in_clear)
    usb_ept_in_interrupt                     0x0800224d   Thumb Code    64  at32f425_usb.o(.text.usb_ept_in_interrupt)
    usb_ept_open                             0x0800228d   Thumb Code   478  at32f425_usb.o(.text.usb_ept_open)
    usb_ept_out_clear                        0x0800246d   Thumb Code    26  at32f425_usb.o(.text.usb_ept_out_clear)
    usb_ept_out_interrupt                    0x08002489   Thumb Code    34  at32f425_usb.o(.text.usb_ept_out_interrupt)
    usb_ept_stall                            0x080024ad   Thumb Code   162  at32f425_usb.o(.text.usb_ept_stall)
    usb_flush_rx_fifo                        0x08002551   Thumb Code    60  at32f425_usb.o(.text.usb_flush_rx_fifo)
    usb_flush_tx_fifo                        0x0800258d   Thumb Code    82  at32f425_usb.o(.text.usb_flush_tx_fifo)
    usb_get_all_in_interrupt                 0x080025e1   Thumb Code    28  at32f425_usb.o(.text.usb_get_all_in_interrupt)
    usb_get_all_out_interrupt                0x080025fd   Thumb Code    28  at32f425_usb.o(.text.usb_get_all_out_interrupt)
    usb_global_clear_interrupt               0x08002619   Thumb Code    16  at32f425_usb.o(.text.usb_global_clear_interrupt)
    usb_global_get_all_interrupt             0x08002629   Thumb Code    22  at32f425_usb.o(.text.usb_global_get_all_interrupt)
    usb_global_init                          0x08002641   Thumb Code    26  at32f425_usb.o(.text.usb_global_init)
    usb_global_interrupt_enable              0x0800265d   Thumb Code    54  at32f425_usb.o(.text.usb_global_interrupt_enable)
    usb_global_reset                         0x08002695   Thumb Code   104  at32f425_usb.o(.text.usb_global_reset)
    usb_global_select_core                   0x080026fd   Thumb Code    14  at32f425_usb.o(.text.usb_global_select_core)
    usb_global_set_mode                      0x0800270d   Thumb Code    98  at32f425_usb.o(.text.usb_global_set_mode)
    usb_gpio_config                          0x08002771   Thumb Code    50  main.o(.text.usb_gpio_config)
    usb_interrupt_disable                    0x0800282d   Thumb Code    18  at32f425_usb.o(.text.usb_interrupt_disable)
    usb_interrupt_enable                     0x08002841   Thumb Code    18  at32f425_usb.o(.text.usb_interrupt_enable)
    usb_open_phy_clk                         0x08002855   Thumb Code    22  at32f425_usb.o(.text.usb_open_phy_clk)
    usb_read_packet                          0x0800286d   Thumb Code    76  at32f425_usb.o(.text.usb_read_packet)
    usb_set_address                          0x080028b9   Thumb Code    38  at32f425_usb.o(.text.usb_set_address)
    usb_set_rx_fifo                          0x080028e1   Thumb Code    20  at32f425_usb.o(.text.usb_set_rx_fifo)
    usb_set_tx_fifo                          0x080028f5   Thumb Code   152  at32f425_usb.o(.text.usb_set_tx_fifo)
    usb_stop_phy_clk                         0x0800298d   Thumb Code    22  at32f425_usb.o(.text.usb_stop_phy_clk)
    usb_suspend_status_get                   0x080029a5   Thumb Code    18  at32f425_usb.o(.text.usb_suspend_status_get)
    usb_write_empty_txfifo                   0x080029b9   Thumb Code   246  usbd_int.o(.text.usb_write_empty_txfifo)
    usb_write_packet                         0x08002ab1   Thumb Code    84  at32f425_usb.o(.text.usb_write_packet)
    usbd_clear_stall                         0x08002b6d   Thumb Code    92  usbd_core.o(.text.usbd_clear_stall)
    usbd_connect                             0x08002bc9   Thumb Code    18  usbd_core.o(.text.usbd_connect)
    usbd_core_in_handler                     0x08002bdd   Thumb Code   288  usbd_core.o(.text.usbd_core_in_handler)
    usbd_core_init                           0x08002cfd   Thumb Code   464  usbd_core.o(.text.usbd_core_init)
    usbd_core_out_handler                    0x08002ecd   Thumb Code   210  usbd_core.o(.text.usbd_core_out_handler)
    usbd_core_setup_handler                  0x08002fa1   Thumb Code   106  usbd_core.o(.text.usbd_core_setup_handler)
    usbd_ctrl_recv                           0x0800300d   Thumb Code    62  usbd_core.o(.text.usbd_ctrl_recv)
    usbd_ctrl_recv_status                    0x0800304d   Thumb Code    30  usbd_core.o(.text.usbd_ctrl_recv_status)
    usbd_ctrl_send                           0x0800306d   Thumb Code    60  usbd_core.o(.text.usbd_ctrl_send)
    usbd_ctrl_send_status                    0x080030a9   Thumb Code    30  usbd_core.o(.text.usbd_ctrl_send_status)
    usbd_ctrl_unsupport                      0x080030c9   Thumb Code    26  usbd_core.o(.text.usbd_ctrl_unsupport)
    usbd_device_request                      0x080030e5   Thumb Code   166  usbd_sdr.o(.text.usbd_device_request)
    usbd_disconnect                          0x0800318d   Thumb Code    18  usbd_core.o(.text.usbd_disconnect)
    usbd_endpoint_request                    0x080031a1   Thumb Code   502  usbd_sdr.o(.text.usbd_endpoint_request)
    usbd_enter_suspend                       0x08003399   Thumb Code    34  usbd_core.o(.text.usbd_enter_suspend)
    usbd_enumdone_handler                    0x080033bd   Thumb Code    90  usbd_int.o(.text.usbd_enumdone_handler)
    usbd_ept_close                           0x08003419   Thumb Code    82  usbd_core.o(.text.usbd_ept_close)
    usbd_ept_open                            0x0800346d   Thumb Code   122  usbd_core.o(.text.usbd_ept_open)
    usbd_ept_recv                            0x080034e9   Thumb Code   280  usbd_core.o(.text.usbd_ept_recv)
    usbd_ept_send                            0x08003601   Thumb Code   398  usbd_core.o(.text.usbd_ept_send)
    usbd_fifo_alloc                          0x08003791   Thumb Code   118  usbd_core.o(.text.usbd_fifo_alloc)
    usbd_get_recv_len                        0x080039dd   Thumb Code    38  usbd_core.o(.text.usbd_get_recv_len)
    usbd_incomisioin_handler                 0x08003a59   Thumb Code    32  usbd_int.o(.text.usbd_incomisioin_handler)
    usbd_incomisoout_handler                 0x08003a79   Thumb Code    32  usbd_int.o(.text.usbd_incomisoout_handler)
    usbd_inept_handler                       0x08003a99   Thumb Code   244  usbd_int.o(.text.usbd_inept_handler)
    usbd_init                                0x08003b8d   Thumb Code   128  usb_core.o(.text.usbd_init)
    usbd_interface_request                   0x08003c89   Thumb Code    78  usbd_sdr.o(.text.usbd_interface_request)
    usbd_irq_handler                         0x08003cd9   Thumb Code   336  usbd_int.o(.text.usbd_irq_handler)
    usbd_outept_handler                      0x08003e29   Thumb Code   214  usbd_int.o(.text.usbd_outept_handler)
    usbd_reset_handler                       0x08003f01   Thumb Code   224  usbd_int.o(.text.usbd_reset_handler)
    usbd_rxflvl_handler                      0x08003fe1   Thumb Code   180  usbd_int.o(.text.usbd_rxflvl_handler)
    usbd_set_stall                           0x08004285   Thumb Code    92  usbd_core.o(.text.usbd_set_stall)
    usbd_setup_request_parse                 0x080042e1   Thumb Code    68  usbd_sdr.o(.text.usbd_setup_request_parse)
    usbd_sof_handler                         0x08004325   Thumb Code    30  usbd_int.o(.text.usbd_sof_handler)
    usbd_suspend_handler                     0x08004345   Thumb Code    76  usbd_int.o(.text.usbd_suspend_handler)
    usbd_wakeup_handler                      0x08004409   Thumb Code    70  usbd_int.o(.text.usbd_wakeup_handler)
    Region$$Table$$Base                      0x080044ac   Number         0  anon$$obj.o(Region$$Table)
    Region$$Table$$Limit                     0x080044cc   Number         0  anon$$obj.o(Region$$Table)
    custom_hid_class_handler                 0x20000008   Data          40  custom_hid_class.o(.data.custom_hid_class_handler)
    custom_hid_desc_handler                  0x20000030   Data          40  custom_hid_desc.o(.data.custom_hid_desc_handler)
    g_custom_hid_usb_desc                    0x20000064   Data           9  custom_hid_desc.o(.data.g_custom_hid_usb_desc)
    g_usbd_custom_hid_report                 0x200000bc   Data         126  custom_hid_desc.o(.data.g_usbd_custom_hid_report)
    system_core_clock                        0x20000164   Data           4  system_at32f425.o(.data.system_core_clock)
    __libspace_start                         0x20000168   Data          96  libspace.o(.bss)
    __temporary_stack_top$libspace           0x200001c8   Data           0  libspace.o(.bss)
    custom_hid_struct                        0x200001d0   Data         272  custom_hid_class.o(.bss.custom_hid_struct)
    otg_core_struct                          0x200003f8   Data         772  main.o(.bss.otg_core_struct)



==============================================================================

Memory Map of the image

  Image Entry point : 0x080000d1

  Load Region LR_IROM1 (Base: 0x08000000, Size: 0x00004638, Max: 0x00010000, ABSOLUTE, COMPRESSED[0x000045d0])

    Execution Region ER_IROM1 (Exec base: 0x08000000, Load base: 0x08000000, Size: 0x000044cc, Max: 0x00010000, ABSOLUTE)

    Exec Addr    Load Addr    Size         Type   Attr      Idx    E Section Name        Object

    0x08000000   0x08000000   0x000000d0   Data   RO            3    RESET               startup_at32f425.o
    0x080000d0   0x080000d0   0x00000008   Code   RO         1461  * !!!main             c_w.l(__main.o)
    0x080000d8   0x080000d8   0x00000034   Code   RO         1638    !!!scatter          c_w.l(__scatter.o)
    0x0800010c   0x0800010c   0x0000005a   Code   RO         1636    !!dczerorl2         c_w.l(__dczerorl2.o)
    0x08000166   0x08000166   0x00000002   PAD
    0x08000168   0x08000168   0x0000001c   Code   RO         1640    !!handler_zi        c_w.l(__scatter_zi.o)
    0x08000184   0x08000184   0x00000002   Code   RO         1498    .ARM.Collect$$libinit$$00000000  c_w.l(libinit.o)
    0x08000186   0x08000186   0x00000000   Code   RO         1511    .ARM.Collect$$libinit$$00000002  c_w.l(libinit2.o)
    0x08000186   0x08000186   0x00000000   Code   RO         1513    .ARM.Collect$$libinit$$00000004  c_w.l(libinit2.o)
    0x08000186   0x08000186   0x00000000   Code   RO         1515    .ARM.Collect$$libinit$$00000006  c_w.l(libinit2.o)
    0x08000186   0x08000186   0x00000000   Code   RO         1518    .ARM.Collect$$libinit$$0000000C  c_w.l(libinit2.o)
    0x08000186   0x08000186   0x00000000   Code   RO         1520    .ARM.Collect$$libinit$$0000000E  c_w.l(libinit2.o)
    0x08000186   0x08000186   0x00000000   Code   RO         1522    .ARM.Collect$$libinit$$00000010  c_w.l(libinit2.o)
    0x08000186   0x08000186   0x00000000   Code   RO         1525    .ARM.Collect$$libinit$$00000013  c_w.l(libinit2.o)
    0x08000186   0x08000186   0x00000000   Code   RO         1527    .ARM.Collect$$libinit$$00000015  c_w.l(libinit2.o)
    0x08000186   0x08000186   0x00000000   Code   RO         1529    .ARM.Collect$$libinit$$00000017  c_w.l(libinit2.o)
    0x08000186   0x08000186   0x00000000   Code   RO         1531    .ARM.Collect$$libinit$$00000019  c_w.l(libinit2.o)
    0x08000186   0x08000186   0x00000000   Code   RO         1533    .ARM.Collect$$libinit$$0000001B  c_w.l(libinit2.o)
    0x08000186   0x08000186   0x00000000   Code   RO         1535    .ARM.Collect$$libinit$$0000001D  c_w.l(libinit2.o)
    0x08000186   0x08000186   0x00000000   Code   RO         1537    .ARM.Collect$$libinit$$0000001F  c_w.l(libinit2.o)
    0x08000186   0x08000186   0x00000000   Code   RO         1539    .ARM.Collect$$libinit$$00000021  c_w.l(libinit2.o)
    0x08000186   0x08000186   0x00000000   Code   RO         1541    .ARM.Collect$$libinit$$00000023  c_w.l(libinit2.o)
    0x08000186   0x08000186   0x00000000   Code   RO         1543    .ARM.Collect$$libinit$$00000025  c_w.l(libinit2.o)
    0x08000186   0x08000186   0x00000000   Code   RO         1545    .ARM.Collect$$libinit$$00000027  c_w.l(libinit2.o)
    0x08000186   0x08000186   0x00000000   Code   RO         1549    .ARM.Collect$$libinit$$0000002E  c_w.l(libinit2.o)
    0x08000186   0x08000186   0x00000000   Code   RO         1551    .ARM.Collect$$libinit$$00000030  c_w.l(libinit2.o)
    0x08000186   0x08000186   0x00000000   Code   RO         1553    .ARM.Collect$$libinit$$00000032  c_w.l(libinit2.o)
    0x08000186   0x08000186   0x00000000   Code   RO         1555    .ARM.Collect$$libinit$$00000034  c_w.l(libinit2.o)
    0x08000186   0x08000186   0x00000002   Code   RO         1556    .ARM.Collect$$libinit$$00000035  c_w.l(libinit2.o)
    0x08000188   0x08000188   0x00000002   Code   RO         1591    .ARM.Collect$$libshutdown$$00000000  c_w.l(libshutdown.o)
    0x0800018a   0x0800018a   0x00000000   Code   RO         1619    .ARM.Collect$$libshutdown$$00000002  c_w.l(libshutdown2.o)
    0x0800018a   0x0800018a   0x00000000   Code   RO         1621    .ARM.Collect$$libshutdown$$00000004  c_w.l(libshutdown2.o)
    0x0800018a   0x0800018a   0x00000000   Code   RO         1624    .ARM.Collect$$libshutdown$$00000007  c_w.l(libshutdown2.o)
    0x0800018a   0x0800018a   0x00000000   Code   RO         1627    .ARM.Collect$$libshutdown$$0000000A  c_w.l(libshutdown2.o)
    0x0800018a   0x0800018a   0x00000000   Code   RO         1629    .ARM.Collect$$libshutdown$$0000000C  c_w.l(libshutdown2.o)
    0x0800018a   0x0800018a   0x00000000   Code   RO         1632    .ARM.Collect$$libshutdown$$0000000F  c_w.l(libshutdown2.o)
    0x0800018a   0x0800018a   0x00000002   Code   RO         1633    .ARM.Collect$$libshutdown$$00000010  c_w.l(libshutdown2.o)
    0x0800018c   0x0800018c   0x00000000   Code   RO         1463    .ARM.Collect$$rtentry$$00000000  c_w.l(__rtentry.o)
    0x0800018c   0x0800018c   0x00000000   Code   RO         1469    .ARM.Collect$$rtentry$$00000002  c_w.l(__rtentry2.o)
    0x0800018c   0x0800018c   0x00000006   Code   RO         1481    .ARM.Collect$$rtentry$$00000004  c_w.l(__rtentry4.o)
    0x08000192   0x08000192   0x00000000   Code   RO         1471    .ARM.Collect$$rtentry$$00000009  c_w.l(__rtentry2.o)
    0x08000192   0x08000192   0x00000004   Code   RO         1472    .ARM.Collect$$rtentry$$0000000A  c_w.l(__rtentry2.o)
    0x08000196   0x08000196   0x00000000   Code   RO         1474    .ARM.Collect$$rtentry$$0000000C  c_w.l(__rtentry2.o)
    0x08000196   0x08000196   0x00000008   Code   RO         1475    .ARM.Collect$$rtentry$$0000000D  c_w.l(__rtentry2.o)
    0x0800019e   0x0800019e   0x00000002   Code   RO         1502    .ARM.Collect$$rtexit$$00000000  c_w.l(rtexit.o)
    0x080001a0   0x080001a0   0x00000000   Code   RO         1562    .ARM.Collect$$rtexit$$00000002  c_w.l(rtexit2.o)
    0x080001a0   0x080001a0   0x00000004   Code   RO         1563    .ARM.Collect$$rtexit$$00000003  c_w.l(rtexit2.o)
    0x080001a4   0x080001a4   0x00000006   Code   RO         1564    .ARM.Collect$$rtexit$$00000004  c_w.l(rtexit2.o)
    0x080001aa   0x080001aa   0x00000002   PAD
    0x080001ac   0x080001ac   0x00000040   Code   RO            4    .text               startup_at32f425.o
    0x080001ec   0x080001ec   0x000000f0   Code   RO         1457    .text               c_w.l(lludivv7m.o)
    0x080002dc   0x080002dc   0x00000006   Code   RO         1459    .text               c_w.l(heapauxi.o)
    0x080002e2   0x080002e2   0x0000004a   Code   RO         1485    .text               c_w.l(sys_stackheap_outer.o)
    0x0800032c   0x0800032c   0x00000012   Code   RO         1487    .text               c_w.l(exit.o)
    0x0800033e   0x0800033e   0x00000002   PAD
    0x08000340   0x08000340   0x00000008   Code   RO         1499    .text               c_w.l(libspace.o)
    0x08000348   0x08000348   0x0000000c   Code   RO         1557    .text               c_w.l(sys_exit.o)
    0x08000354   0x08000354   0x00000002   Code   RO         1580    .text               c_w.l(use_no_semi.o)
    0x08000356   0x08000356   0x00000000   Code   RO         1582    .text               c_w.l(indicate_semi.o)
    0x08000356   0x08000356   0x00000002   PAD
    0x08000358   0x08000358   0x00000214   Code   RO         1426    .text.AG620_show    ag620_show.o
    0x0800056c   0x0800056c   0x0000006c   Code   RO          671    .text.NVIC_EncodePriority  at32f425_misc.o
    0x080005d8   0x080005d8   0x00000026   Code   RO         1410    .text.OTGFS1_IRQHandler  main.o
    0x080005fe   0x080005fe   0x00000002   PAD
    0x08000600   0x08000600   0x000000a8   Code   RO           11    .text.SystemInit    system_at32f425.o
    0x080006a8   0x080006a8   0x00000010   Code   RO         1370    .text.TM1668_End    tm1668.o
    0x080006b8   0x080006b8   0x00000072   Code   RO         1374    .text.TM1668_Init   tm1668.o
    0x0800072a   0x0800072a   0x00000002   PAD
    0x0800072c   0x0800072c   0x00000010   Code   RO         1368    .text.TM1668_Start  tm1668.o
    0x0800073c   0x0800073c   0x00000084   Code   RO         1366    .text.TM1668_WriteBytesAddrIncrease  tm1668.o
    0x080007c0   0x080007c0   0x00000030   Code   RO          677    .text.__NVIC_EnableIRQ  at32f425_misc.o
    0x080007f0   0x080007f0   0x00000010   Code   RO          673    .text.__NVIC_GetPriorityGrouping  at32f425_misc.o
    0x08000800   0x08000800   0x00000042   Code   RO          675    .text.__NVIC_SetPriority  at32f425_misc.o
    0x08000842   0x08000842   0x00000002   PAD
    0x08000844   0x08000844   0x0000003c   Code   RO          685    .text.__NVIC_SetPriorityGrouping  at32f425_misc.o
    0x08000880   0x08000880   0x0000004e   Code   RO           24    .text.acc_calibration_mode_enable  at32f425_acc.o
    0x080008ce   0x080008ce   0x00000002   PAD
    0x080008d0   0x080008d0   0x00000018   Code   RO           34    .text.acc_write_c1  at32f425_acc.o
    0x080008e8   0x080008e8   0x00000018   Code   RO           36    .text.acc_write_c2  at32f425_acc.o
    0x08000900   0x08000900   0x00000018   Code   RO           38    .text.acc_write_c3  at32f425_acc.o
    0x08000918   0x08000918   0x00000008   Code   RO         1422    .text.ag620_show_init  ag620_show.o
    0x08000920   0x08000920   0x00000018   Code   RO         1432    .text.all_led_off   ag620_show.o
    0x08000938   0x08000938   0x00000048   Code   RO         1430    .text.all_led_on    ag620_show.o
    0x08000980   0x08000980   0x00000028   Code   RO         1140    .text.class_clear_handler  custom_hid_class.o
    0x080009a8   0x080009a8   0x0000004c   Code   RO         1146    .text.class_ept0_rx_handler  custom_hid_class.o
    0x080009f4   0x080009f4   0x00000012   Code   RO         1144    .text.class_ept0_tx_handler  custom_hid_class.o
    0x08000a06   0x08000a06   0x00000002   PAD
    0x08000a08   0x08000a08   0x0000003c   Code   RO         1154    .text.class_event_handler  custom_hid_class.o
    0x08000a44   0x08000a44   0x00000016   Code   RO         1148    .text.class_in_handler  custom_hid_class.o
    0x08000a5a   0x08000a5a   0x00000002   PAD
    0x08000a5c   0x08000a5c   0x0000004a   Code   RO         1138    .text.class_init_handler  custom_hid_class.o
    0x08000aa6   0x08000aa6   0x00000002   PAD
    0x08000aa8   0x08000aa8   0x0000004a   Code   RO         1150    .text.class_out_handler  custom_hid_class.o
    0x08000af2   0x08000af2   0x00000002   PAD
    0x08000af4   0x08000af4   0x00000180   Code   RO         1142    .text.class_setup_handler  custom_hid_class.o
    0x08000c74   0x08000c74   0x00000012   Code   RO         1152    .text.class_sof_handler  custom_hid_class.o
    0x08000c86   0x08000c86   0x00000002   PAD
    0x08000c88   0x08000c88   0x00000026   Code   RO          246    .text.crm_ahb_div_set  at32f425_crm.o
    0x08000cae   0x08000cae   0x00000002   PAD
    0x08000cb0   0x08000cb0   0x00000026   Code   RO          248    .text.crm_apb1_div_set  at32f425_crm.o
    0x08000cd6   0x08000cd6   0x00000002   PAD
    0x08000cd8   0x08000cd8   0x00000026   Code   RO          250    .text.crm_apb2_div_set  at32f425_crm.o
    0x08000cfe   0x08000cfe   0x00000002   PAD
    0x08000d00   0x08000d00   0x000000a6   Code   RO          238    .text.crm_clock_source_enable  at32f425_crm.o
    0x08000da6   0x08000da6   0x00000002   PAD
    0x08000da8   0x08000da8   0x0000003e   Code   RO          224    .text.crm_flag_get  at32f425_crm.o
    0x08000de6   0x08000de6   0x00000002   PAD
    0x08000de8   0x08000de8   0x00000026   Code   RO          274    .text.crm_hick_divider_select  at32f425_crm.o
    0x08000e0e   0x08000e0e   0x00000002   PAD
    0x08000e10   0x08000e10   0x0000002e   Code   RO          276    .text.crm_hick_sclk_frequency_select  at32f425_crm.o
    0x08000e3e   0x08000e3e   0x00000002   PAD
    0x08000e40   0x08000e40   0x00000052   Code   RO          232    .text.crm_periph_clock_enable  at32f425_crm.o
    0x08000e92   0x08000e92   0x00000002   PAD
    0x08000e94   0x08000e94   0x000001e4   Code   RO          260    .text.crm_pll_config  at32f425_crm.o
    0x08001078   0x08001078   0x0000009a   Code   RO          218    .text.crm_reset     at32f425_crm.o
    0x08001112   0x08001112   0x00000002   PAD
    0x08001114   0x08001114   0x0000001e   Code   RO          264    .text.crm_sysclk_switch  at32f425_crm.o
    0x08001132   0x08001132   0x00000002   PAD
    0x08001134   0x08001134   0x00000010   Code   RO          266    .text.crm_sysclk_switch_status_get  at32f425_crm.o
    0x08001144   0x08001144   0x00000034   Code   RO          254    .text.crm_usb_clock_div_set  at32f425_crm.o
    0x08001178   0x08001178   0x0000003a   Code   RO          278    .text.crm_usb_clock_source_select  at32f425_crm.o
    0x080011b2   0x080011b2   0x00000002   PAD
    0x080011b4   0x080011b4   0x00000060   Code   RO          282    .text.crm_usb_div_reset  at32f425_crm.o
    0x08001214   0x08001214   0x00000036   Code   RO         1428    .text.data_clear    ag620_show.o
    0x0800124a   0x0800124a   0x00000002   PAD
    0x0800124c   0x0800124c   0x0000003e   Code   RO         1347    .text.delay_init    delay.o
    0x0800128a   0x0800128a   0x00000002   PAD
    0x0800128c   0x0800128c   0x000000d8   Code   RO         1351    .text.delay_ms      delay.o
    0x08001364   0x08001364   0x00000014   Code   RO          450    .text.exint_flag_clear  at32f425_exint.o
    0x08001378   0x08001378   0x0000003a   Code   RO          452    .text.exint_flag_get  at32f425_exint.o
    0x080013b2   0x080013b2   0x00000002   PAD
    0x080013b4   0x080013b4   0x0000002e   Code   RO         1187    .text.get_device_config_string  custom_hid_desc.o
    0x080013e2   0x080013e2   0x00000002   PAD
    0x080013e4   0x080013e4   0x0000000a   Code   RO         1173    .text.get_device_configuration  custom_hid_desc.o
    0x080013ee   0x080013ee   0x00000002   PAD
    0x080013f0   0x080013f0   0x0000000a   Code   RO         1169    .text.get_device_descriptor  custom_hid_desc.o
    0x080013fa   0x080013fa   0x00000002   PAD
    0x080013fc   0x080013fc   0x0000002e   Code   RO         1185    .text.get_device_interface_string  custom_hid_desc.o
    0x0800142a   0x0800142a   0x00000002   PAD
    0x0800142c   0x0800142c   0x0000000a   Code   RO         1177    .text.get_device_lang_id  custom_hid_desc.o
    0x08001436   0x08001436   0x00000002   PAD
    0x08001438   0x08001438   0x0000002e   Code   RO         1179    .text.get_device_manufacturer_string  custom_hid_desc.o
    0x08001466   0x08001466   0x00000002   PAD
    0x08001468   0x08001468   0x00000004   Code   RO         1175    .text.get_device_other_speed  custom_hid_desc.o
    0x0800146c   0x0800146c   0x0000002e   Code   RO         1181    .text.get_device_product_string  custom_hid_desc.o
    0x0800149a   0x0800149a   0x00000002   PAD
    0x0800149c   0x0800149c   0x00000004   Code   RO         1171    .text.get_device_qualifier  custom_hid_desc.o
    0x080014a0   0x080014a0   0x00000010   Code   RO         1183    .text.get_device_serial_string  custom_hid_desc.o
    0x080014b0   0x080014b0   0x0000005c   Code   RO         1191    .text.get_serial_num  custom_hid_desc.o
    0x0800150c   0x0800150c   0x00000024   Code   RO          547    .text.gpio_default_para_init  at32f425_gpio.o
    0x08001530   0x08001530   0x000000e8   Code   RO          545    .text.gpio_init     at32f425_gpio.o
    0x08001618   0x08001618   0x0000006e   Code   RO         1404    .text.main          main.o
    0x08001686   0x08001686   0x00000002   PAD
    0x08001688   0x08001688   0x00000074   Code   RO         1424    .text.num_map       ag620_show.o
    0x080016fc   0x080016fc   0x0000004e   Code   RO         1434    .text.number        ag620_show.o
    0x0800174a   0x0800174a   0x00000002   PAD
    0x0800174c   0x0800174c   0x00000034   Code   RO          669    .text.nvic_irq_enable  at32f425_misc.o
    0x08001780   0x08001780   0x00000014   Code   RO          683    .text.nvic_priority_group_config  at32f425_misc.o
    0x08001794   0x08001794   0x0000004a   Code   RO         1387    .text.spi1_writ_byte  spi.o
    0x080017de   0x080017de   0x00000002   PAD
    0x080017e0   0x080017e0   0x00000062   Code   RO         1383    .text.spi_config    spi.o
    0x08001842   0x08001842   0x00000002   PAD
    0x08001844   0x08001844   0x0000002c   Code   RO          754    .text.spi_default_para_init  at32f425_spi.o
    0x08001870   0x08001870   0x00000022   Code   RO          778    .text.spi_enable    at32f425_spi.o
    0x08001892   0x08001892   0x00000002   PAD
    0x08001894   0x08001894   0x00000084   Code   RO         1385    .text.spi_gpio_config  spi.o
    0x08001918   0x08001918   0x00000014   Code   RO          792    .text.spi_i2s_data_transmit  at32f425_spi.o
    0x0800192c   0x0800192c   0x00000030   Code   RO          796    .text.spi_i2s_flag_get  at32f425_spi.o
    0x0800195c   0x0800195c   0x000001f6   Code   RO          756    .text.spi_init      at32f425_spi.o
    0x08001b52   0x08001b52   0x00000002   PAD
    0x08001b54   0x08001b54   0x00000042   Code   RO         1436    .text.stand_read    ag620_show.o
    0x08001b96   0x08001b96   0x00000002   PAD
    0x08001b98   0x08001b98   0x0000008a   Code   RO         1396    .text.system_clock_config  at32f425_clock.o
    0x08001c22   0x08001c22   0x00000002   PAD
    0x08001c24   0x08001c24   0x00000232   Code   RO           13    .text.system_core_clock_update  system_at32f425.o
    0x08001e56   0x08001e56   0x00000002   PAD
    0x08001e58   0x08001e58   0x00000038   Code   RO          691    .text.systick_clock_source_config  at32f425_misc.o
    0x08001e90   0x08001e90   0x000000a6   Code   RO         1408    .text.usb_clock48m_select  main.o
    0x08001f36   0x08001f36   0x00000002   PAD
    0x08001f38   0x08001f38   0x00000016   Code   RO         1063    .text.usb_connect   at32f425_usb.o
    0x08001f4e   0x08001f4e   0x00000002   PAD
    0x08001f50   0x08001f50   0x00000066   Code   RO         1216    .text.usb_core_config  usb_core.o
    0x08001fb6   0x08001fb6   0x00000002   PAD
    0x08001fb8   0x08001fb8   0x00000016   Code   RO         1065    .text.usb_disconnect  at32f425_usb.o
    0x08001fce   0x08001fce   0x00000002   PAD
    0x08001fd0   0x08001fd0   0x00000026   Code   RO         1061    .text.usb_ept0_setup  at32f425_usb.o
    0x08001ff6   0x08001ff6   0x00000002   PAD
    0x08001ff8   0x08001ff8   0x00000038   Code   RO         1059    .text.usb_ept0_start  at32f425_usb.o
    0x08002030   0x08002030   0x0000009a   Code   RO         1043    .text.usb_ept_clear_stall  at32f425_usb.o
    0x080020ca   0x080020ca   0x00000002   PAD
    0x080020cc   0x080020cc   0x00000070   Code   RO         1039    .text.usb_ept_close  at32f425_usb.o
    0x0800213c   0x0800213c   0x000000f2   Code   RO         1263    .text.usb_ept_default_init  usbd_core.o
    0x0800222e   0x0800222e   0x00000002   PAD
    0x08002230   0x08002230   0x0000001a   Code   RO         1055    .text.usb_ept_in_clear  at32f425_usb.o
    0x0800224a   0x0800224a   0x00000002   PAD
    0x0800224c   0x0800224c   0x00000040   Code   RO         1051    .text.usb_ept_in_interrupt  at32f425_usb.o
    0x0800228c   0x0800228c   0x000001de   Code   RO         1037    .text.usb_ept_open  at32f425_usb.o
    0x0800246a   0x0800246a   0x00000002   PAD
    0x0800246c   0x0800246c   0x0000001a   Code   RO         1053    .text.usb_ept_out_clear  at32f425_usb.o
    0x08002486   0x08002486   0x00000002   PAD
    0x08002488   0x08002488   0x00000022   Code   RO         1049    .text.usb_ept_out_interrupt  at32f425_usb.o
    0x080024aa   0x080024aa   0x00000002   PAD
    0x080024ac   0x080024ac   0x000000a2   Code   RO         1041    .text.usb_ept_stall  at32f425_usb.o
    0x0800254e   0x0800254e   0x00000002   PAD
    0x08002550   0x08002550   0x0000003c   Code   RO         1009    .text.usb_flush_rx_fifo  at32f425_usb.o
    0x0800258c   0x0800258c   0x00000052   Code   RO         1007    .text.usb_flush_tx_fifo  at32f425_usb.o
    0x080025de   0x080025de   0x00000002   PAD
    0x080025e0   0x080025e0   0x0000001c   Code   RO         1047    .text.usb_get_all_in_interrupt  at32f425_usb.o
    0x080025fc   0x080025fc   0x0000001c   Code   RO         1045    .text.usb_get_all_out_interrupt  at32f425_usb.o
    0x08002618   0x08002618   0x00000010   Code   RO         1015    .text.usb_global_clear_interrupt  at32f425_usb.o
    0x08002628   0x08002628   0x00000016   Code   RO         1013    .text.usb_global_get_all_interrupt  at32f425_usb.o
    0x0800263e   0x0800263e   0x00000002   PAD
    0x08002640   0x08002640   0x0000001a   Code   RO         1003    .text.usb_global_init  at32f425_usb.o
    0x0800265a   0x0800265a   0x00000002   PAD
    0x0800265c   0x0800265c   0x00000036   Code   RO         1011    .text.usb_global_interrupt_enable  at32f425_usb.o
    0x08002692   0x08002692   0x00000002   PAD
    0x08002694   0x08002694   0x00000068   Code   RO         1001    .text.usb_global_reset  at32f425_usb.o
    0x080026fc   0x080026fc   0x0000000e   Code   RO         1005    .text.usb_global_select_core  at32f425_usb.o
    0x0800270a   0x0800270a   0x00000002   PAD
    0x0800270c   0x0800270c   0x00000062   Code   RO         1025    .text.usb_global_set_mode  at32f425_usb.o
    0x0800276e   0x0800276e   0x00000002   PAD
    0x08002770   0x08002770   0x00000032   Code   RO         1406    .text.usb_gpio_config  main.o
    0x080027a2   0x080027a2   0x00000002   PAD
    0x080027a4   0x080027a4   0x00000086   Code   RO         1158    .text.usb_hid_buf_process  custom_hid_class.o
    0x0800282a   0x0800282a   0x00000002   PAD
    0x0800282c   0x0800282c   0x00000012   Code   RO         1019    .text.usb_interrupt_disable  at32f425_usb.o
    0x0800283e   0x0800283e   0x00000002   PAD
    0x08002840   0x08002840   0x00000012   Code   RO         1017    .text.usb_interrupt_enable  at32f425_usb.o
    0x08002852   0x08002852   0x00000002   PAD
    0x08002854   0x08002854   0x00000016   Code   RO         1031    .text.usb_open_phy_clk  at32f425_usb.o
    0x0800286a   0x0800286a   0x00000002   PAD
    0x0800286c   0x0800286c   0x0000004c   Code   RO         1035    .text.usb_read_packet  at32f425_usb.o
    0x080028b8   0x080028b8   0x00000026   Code   RO         1057    .text.usb_set_address  at32f425_usb.o
    0x080028de   0x080028de   0x00000002   PAD
    0x080028e0   0x080028e0   0x00000014   Code   RO         1021    .text.usb_set_rx_fifo  at32f425_usb.o
    0x080028f4   0x080028f4   0x00000098   Code   RO         1023    .text.usb_set_tx_fifo  at32f425_usb.o
    0x0800298c   0x0800298c   0x00000016   Code   RO         1029    .text.usb_stop_phy_clk  at32f425_usb.o
    0x080029a2   0x080029a2   0x00000002   PAD
    0x080029a4   0x080029a4   0x00000012   Code   RO         1071    .text.usb_suspend_status_get  at32f425_usb.o
    0x080029b6   0x080029b6   0x00000002   PAD
    0x080029b8   0x080029b8   0x000000f6   Code   RO         1306    .text.usb_write_empty_txfifo  usbd_int.o
    0x08002aae   0x08002aae   0x00000002   PAD
    0x08002ab0   0x08002ab0   0x00000054   Code   RO         1033    .text.usb_write_packet  at32f425_usb.o
    0x08002b04   0x08002b04   0x00000068   Code   RO         1323    .text.usbd_clear_feature  usbd_sdr.o
    0x08002b6c   0x08002b6c   0x0000005c   Code   RO         1245    .text.usbd_clear_stall  usbd_core.o
    0x08002bc8   0x08002bc8   0x00000012   Code   RO         1257    .text.usbd_connect  usbd_core.o
    0x08002bda   0x08002bda   0x00000002   PAD
    0x08002bdc   0x08002bdc   0x00000120   Code   RO         1227    .text.usbd_core_in_handler  usbd_core.o
    0x08002cfc   0x08002cfc   0x000001d0   Code   RO         1275    .text.usbd_core_init  usbd_core.o
    0x08002ecc   0x08002ecc   0x000000d2   Code   RO         1235    .text.usbd_core_out_handler  usbd_core.o
    0x08002f9e   0x08002f9e   0x00000002   PAD
    0x08002fa0   0x08002fa0   0x0000006a   Code   RO         1239    .text.usbd_core_setup_handler  usbd_core.o
    0x0800300a   0x0800300a   0x00000002   PAD
    0x0800300c   0x0800300c   0x0000003e   Code   RO         1243    .text.usbd_ctrl_recv  usbd_core.o
    0x0800304a   0x0800304a   0x00000002   PAD
    0x0800304c   0x0800304c   0x0000001e   Code   RO         1233    .text.usbd_ctrl_recv_status  usbd_core.o
    0x0800306a   0x0800306a   0x00000002   PAD
    0x0800306c   0x0800306c   0x0000003c   Code   RO         1241    .text.usbd_ctrl_send  usbd_core.o
    0x080030a8   0x080030a8   0x0000001e   Code   RO         1237    .text.usbd_ctrl_send_status  usbd_core.o
    0x080030c6   0x080030c6   0x00000002   PAD
    0x080030c8   0x080030c8   0x0000001a   Code   RO         1249    .text.usbd_ctrl_unsupport  usbd_core.o
    0x080030e2   0x080030e2   0x00000002   PAD
    0x080030e4   0x080030e4   0x000000a6   Code   RO         1319    .text.usbd_device_request  usbd_sdr.o
    0x0800318a   0x0800318a   0x00000002   PAD
    0x0800318c   0x0800318c   0x00000012   Code   RO         1259    .text.usbd_disconnect  usbd_core.o
    0x0800319e   0x0800319e   0x00000002   PAD
    0x080031a0   0x080031a0   0x000001f6   Code   RO         1337    .text.usbd_endpoint_request  usbd_sdr.o
    0x08003396   0x08003396   0x00000002   PAD
    0x08003398   0x08003398   0x00000022   Code   RO         1269    .text.usbd_enter_suspend  usbd_core.o
    0x080033ba   0x080033ba   0x00000002   PAD
    0x080033bc   0x080033bc   0x0000005a   Code   RO         1294    .text.usbd_enumdone_handler  usbd_int.o
    0x08003416   0x08003416   0x00000002   PAD
    0x08003418   0x08003418   0x00000052   Code   RO         1255    .text.usbd_ept_close  usbd_core.o
    0x0800346a   0x0800346a   0x00000002   PAD
    0x0800346c   0x0800346c   0x0000007a   Code   RO         1253    .text.usbd_ept_open  usbd_core.o
    0x080034e6   0x080034e6   0x00000002   PAD
    0x080034e8   0x080034e8   0x00000118   Code   RO         1231    .text.usbd_ept_recv  usbd_core.o
    0x08003600   0x08003600   0x0000018e   Code   RO         1229    .text.usbd_ept_send  usbd_core.o
    0x0800378e   0x0800378e   0x00000002   PAD
    0x08003790   0x08003790   0x00000076   Code   RO         1273    .text.usbd_fifo_alloc  usbd_core.o
    0x08003806   0x08003806   0x00000002   PAD
    0x08003808   0x08003808   0x00000074   Code   RO         1331    .text.usbd_get_configuration  usbd_sdr.o
    0x0800387c   0x0800387c   0x0000015e   Code   RO         1329    .text.usbd_get_descriptor  usbd_sdr.o
    0x080039da   0x080039da   0x00000002   PAD
    0x080039dc   0x080039dc   0x00000026   Code   RO         1251    .text.usbd_get_recv_len  usbd_core.o
    0x08003a02   0x08003a02   0x00000002   PAD
    0x08003a04   0x08003a04   0x00000052   Code   RO         1321    .text.usbd_get_status  usbd_sdr.o
    0x08003a56   0x08003a56   0x00000002   PAD
    0x08003a58   0x08003a58   0x00000020   Code   RO         1298    .text.usbd_incomisioin_handler  usbd_int.o
    0x08003a78   0x08003a78   0x00000020   Code   RO         1300    .text.usbd_incomisoout_handler  usbd_int.o
    0x08003a98   0x08003a98   0x000000f4   Code   RO         1286    .text.usbd_inept_handler  usbd_int.o
    0x08003b8c   0x08003b8c   0x00000080   Code   RO         1218    .text.usbd_init     usb_core.o
    0x08003c0c   0x08003c0c   0x0000007a   Code   RO         1193    .text.usbd_int_to_unicode  custom_hid_desc.o
    0x08003c86   0x08003c86   0x00000002   PAD
    0x08003c88   0x08003c88   0x0000004e   Code   RO         1335    .text.usbd_interface_request  usbd_sdr.o
    0x08003cd6   0x08003cd6   0x00000002   PAD
    0x08003cd8   0x08003cd8   0x00000150   Code   RO         1284    .text.usbd_irq_handler  usbd_int.o
    0x08003e28   0x08003e28   0x000000d6   Code   RO         1288    .text.usbd_outept_handler  usbd_int.o
    0x08003efe   0x08003efe   0x00000002   PAD
    0x08003f00   0x08003f00   0x000000e0   Code   RO         1290    .text.usbd_reset_handler  usbd_int.o
    0x08003fe0   0x08003fe0   0x000000b4   Code   RO         1296    .text.usbd_rxflvl_handler  usbd_int.o
    0x08004094   0x08004094   0x00000084   Code   RO         1327    .text.usbd_set_address  usbd_sdr.o
    0x08004118   0x08004118   0x00000128   Code   RO         1333    .text.usbd_set_configuration  usbd_sdr.o
    0x08004240   0x08004240   0x00000042   Code   RO         1325    .text.usbd_set_feature  usbd_sdr.o
    0x08004282   0x08004282   0x00000002   PAD
    0x08004284   0x08004284   0x0000005c   Code   RO         1247    .text.usbd_set_stall  usbd_core.o
    0x080042e0   0x080042e0   0x00000044   Code   RO         1317    .text.usbd_setup_request_parse  usbd_sdr.o
    0x08004324   0x08004324   0x0000001e   Code   RO         1292    .text.usbd_sof_handler  usbd_int.o
    0x08004342   0x08004342   0x00000002   PAD
    0x08004344   0x08004344   0x0000004c   Code   RO         1304    .text.usbd_suspend_handler  usbd_int.o
    0x08004390   0x08004390   0x00000076   Code   RO         1189    .text.usbd_unicode_convert  custom_hid_desc.o
    0x08004406   0x08004406   0x00000002   PAD
    0x08004408   0x08004408   0x00000046   Code   RO         1302    .text.usbd_wakeup_handler  usbd_int.o
    0x0800444e   0x0800444e   0x0000000b   Data   RO         1448    .rodata.TM1668_10X7_CODE  ag620_show.o
    0x08004459   0x08004459   0x00000042   Data   RO         1204    .rodata.str1.1      custom_hid_desc.o
    0x0800449b   0x0800449b   0x00000010   Data   RO           16    .rodata.system_core_clock_update.sys_ahb_div_table  system_at32f425.o
    0x080044ab   0x080044ab   0x00000001   PAD
    0x080044ac   0x080044ac   0x00000020   Data   RO         1635    Region$$Table       anon$$obj.o


    Execution Region RW_IRAM1 (Exec base: 0x20000000, Load base: 0x080044d0, Size: 0x00000d08, Max: 0x00005000, ABSOLUTE, COMPRESSED[0x00000100])

    Exec Addr    Load Addr    Size         Type   Attr      Idx    E Section Name        Object

    0x20000000   COMPRESSED   0x00000008   Data   RW         1200    .data.config_descriptor  custom_hid_desc.o
    0x20000008   COMPRESSED   0x00000028   Data   RW         1161    .data.custom_hid_class_handler  custom_hid_class.o
    0x20000030   COMPRESSED   0x00000028   Data   RW         1195    .data.custom_hid_desc_handler  custom_hid_desc.o
    0x20000058   COMPRESSED   0x00000002   Data   RW         1446    .data.d_count       ag620_show.o
    0x2000005a   COMPRESSED   0x00000002   PAD
    0x2000005c   COMPRESSED   0x00000008   Data   RW         1198    .data.device_descriptor  custom_hid_desc.o
    0x20000064   COMPRESSED   0x00000009   Data   RW         1197    .data.g_custom_hid_usb_desc  custom_hid_desc.o
    0x2000006d   COMPRESSED   0x00000003   PAD
    0x20000070   COMPRESSED   0x00000004   Data   RW         1203    .data.g_string_lang_id  custom_hid_desc.o
    0x20000074   COMPRESSED   0x0000001a   Data   RW         1208    .data.g_string_serial  custom_hid_desc.o
    0x2000008e   COMPRESSED   0x00000002   PAD
    0x20000090   COMPRESSED   0x00000029   Data   RW         1201    .data.g_usbd_configuration  custom_hid_desc.o
    0x200000b9   COMPRESSED   0x00000003   PAD
    0x200000bc   COMPRESSED   0x0000007e   Data   RW         1196    .data.g_usbd_custom_hid_report  custom_hid_desc.o
    0x2000013a   COMPRESSED   0x00000002   PAD
    0x2000013c   COMPRESSED   0x00000012   Data   RW         1199    .data.g_usbd_descriptor  custom_hid_desc.o
    0x2000014e   COMPRESSED   0x00000002   PAD
    0x20000150   COMPRESSED   0x00000008   Data   RW         1202    .data.langid_descriptor  custom_hid_desc.o
    0x20000158   COMPRESSED   0x00000008   Data   RW         1207    .data.serial_descriptor  custom_hid_desc.o
    0x20000160   COMPRESSED   0x00000002   Data   RW         1445    .data.stand_count   ag620_show.o
    0x20000162   COMPRESSED   0x00000002   PAD
    0x20000164   COMPRESSED   0x00000004   Data   RW           15    .data.system_core_clock  system_at32f425.o
    0x20000168        -       0x00000060   Zero   RW         1500    .bss                c_w.l(libspace.o)
    0x200001c8        -       0x00000001   Zero   RW         1444    .bss.Alarm_flag     ag620_show.o
    0x200001c9        -       0x00000001   Zero   RW         1441    .bss.CH             ag620_show.o
    0x200001ca        -       0x00000001   Zero   RW         1443    .bss.CO             ag620_show.o
    0x200001cb        -       0x00000001   Zero   RW         1442    .bss.CT             ag620_show.o
    0x200001cc        -       0x00000001   Zero   RW         1440    .bss.NOW_Mode       ag620_show.o
    0x200001cd   COMPRESSED   0x00000003   PAD
    0x200001d0        -       0x00000110   Zero   RW         1160    .bss.custom_hid_struct  custom_hid_class.o
    0x200002e0        -       0x00000004   Zero   RW         1358    .bss.fac_ms         delay.o
    0x200002e4        -       0x00000004   Zero   RW         1357    .bss.fac_us         delay.o
    0x200002e8        -       0x00000100   Zero   RW         1205    .bss.g_usbd_desc_buffer  custom_hid_desc.o
    0x200003e8        -       0x0000000e   Zero   RW         1447    .bss.led_data       ag620_show.o
    0x200003f6   COMPRESSED   0x00000002   PAD
    0x200003f8        -       0x00000304   Zero   RW         1412    .bss.otg_core_struct  main.o
    0x200006fc        -       0x00000001   Zero   RW         1339    .bss.usbd_set_configuration.config_value  usbd_sdr.o
    0x200006fd   COMPRESSED   0x00000003   PAD
    0x20000700        -       0x00000008   Zero   RW         1206    .bss.vp_desc        custom_hid_desc.o
    0x20000708        -       0x00000200   Zero   RW            2    HEAP                startup_at32f425.o
    0x20000908        -       0x00000400   Zero   RW            1    STACK               startup_at32f425.o


==============================================================================

Image component sizes


      Code (inc. data)   RO Data    RW Data    ZI Data      Debug   Object Name

       950          0         11          4         19       2427   ag620_show.o
       150          0          0          0          0       3184   at32f425_acc.o
       138          0          0          0          0       6773   at32f425_clock.o
      1398          6          0          0          0      19093   at32f425_crm.o
        78          0          0          0          0       3220   at32f425_exint.o
       268          0          0          0          0      10919   at32f425_gpio.o
       426          0          0          0          0       5766   at32f425_misc.o
       648          0          0          0          0      11604   at32f425_spi.o
      2194          0          0          0          0      20146   at32f425_usb.o
       900         12          0         40        272      10454   custom_hid_class.o
       570          0         66        296        264       3659   custom_hid_desc.o
       278          0          0          0          8       1814   delay.o
       364          0          0          0        772      11595   main.o
       304          0          0          0          0      11122   spi.o
        64         26        208          0       1536        856   startup_at32f425.o
       730          0         16          4          0       7987   system_at32f425.o
       278          0          0          0          0       6572   tm1668.o
       230          0          0          0          0       8314   usb_core.o
      2810          0          0          0          0      17645   usbd_core.o
      1774          0          0          0          0      14919   usbd_int.o
      1960         24          0          0          1      10998   usbd_sdr.o

    ----------------------------------------------------------------------
     16694         68        334        360       2880     189067   Object Totals
         0          0         32          0          0          0   (incl. Generated)
       182          0          1         16          8          0   (incl. Padding)

    ----------------------------------------------------------------------

      Code (inc. data)   RO Data    RW Data    ZI Data      Debug   Library Member Name

        90          0          0          0          0          0   __dczerorl2.o
         8          0          0          0          0         68   __main.o
         0          0          0          0          0          0   __rtentry.o
        12          0          0          0          0          0   __rtentry2.o
         6          0          0          0          0          0   __rtentry4.o
        52          8          0          0          0          0   __scatter.o
        28          0          0          0          0          0   __scatter_zi.o
        18          0          0          0          0         80   exit.o
         6          0          0          0          0        152   heapauxi.o
         0          0          0          0          0          0   indicate_semi.o
         2          0          0          0          0          0   libinit.o
         2          0          0          0          0          0   libinit2.o
         2          0          0          0          0          0   libshutdown.o
         2          0          0          0          0          0   libshutdown2.o
         8          4          0          0         96         68   libspace.o
       240          0          0          0          0        100   lludivv7m.o
         2          0          0          0          0          0   rtexit.o
        10          0          0          0          0          0   rtexit2.o
        12          4          0          0          0         68   sys_exit.o
        74          0          0          0          0         80   sys_stackheap_outer.o
         2          0          0          0          0         68   use_no_semi.o

    ----------------------------------------------------------------------
       584         16          0          0         96        684   Library Totals
         8          0          0          0          0          0   (incl. Padding)

    ----------------------------------------------------------------------

      Code (inc. data)   RO Data    RW Data    ZI Data      Debug   Library Name

       576         16          0          0         96        684   c_w.l

    ----------------------------------------------------------------------
       584         16          0          0         96        684   Library Totals

    ----------------------------------------------------------------------

==============================================================================


      Code (inc. data)   RO Data    RW Data    ZI Data      Debug   

     17278         84        334        360       2976     189211   Grand Totals
     17278         84        334        256       2976     189211   ELF Image Totals (compressed)
     17278         84        334        256          0          0   ROM Totals

==============================================================================

    Total RO  Size (Code + RO Data)                17612 (  17.20kB)
    Total RW  Size (RW Data + ZI Data)              3336 (   3.26kB)
    Total ROM Size (Code + RO Data + RW Data)      17868 (  17.45kB)

==============================================================================

